Component: Arm Compiler for Embedded 6.21 Tool: armlink [5ec1fa00]

==============================================================================

Section Cross References

    main.o(.text.main) refers to main.o(.text.Input) for Input
    main.o(.text.main) refers to main.o(.text.Led_Init) for Led_Init
    main.o(.text.main) refers to main.o(.text.Relay_Init) for Relay_Init
    main.o(.text.main) refers to main.o(.text.DelayInit) for DelayInit
    main.o(.text.main) refers to main.o(.text.LCD_Init) for LCD_Init
    main.o(.text.main) refers to main.o(.text.uart_Init) for uart_Init
    main.o(.text.main) refers to stm32f10x_gpio.o(.text.GPIO_ReadInputDataBit) for GPIO_ReadInputDataBit
    main.o(.text.main) refers to main.o(.text.LCD_SendCommand) for LCD_SendCommand
    main.o(.text.main) refers to main.o(.rodata.str1.1) for .L.str
    main.o(.text.main) refers to main.o(.text.uart_SendStr) for uart_SendStr
    main.o(.text.main) refers to main.o(.text.LCD_Gotoxy) for LCD_Gotoxy
    main.o(.text.main) refers to main.o(.text.LCD_Puts) for LCD_Puts
    main.o(.text.main) refers to stm32f10x_gpio.o(.text.GPIO_WriteBit) for GPIO_WriteBit
    main.o(.text.main) refers to main.o(.text.Delay_ms_1) for Delay_ms_1
    main.o(.ARM.exidx.text.main) refers to main.o(.text.main) for [Anonymous Symbol]
    main.o(.text.Input) refers to stm32f10x_rcc.o(.text.RCC_APB2PeriphClockCmd) for RCC_APB2PeriphClockCmd
    main.o(.text.Input) refers to stm32f10x_gpio.o(.text.GPIO_Init) for GPIO_Init
    main.o(.ARM.exidx.text.Input) refers to main.o(.text.Input) for [Anonymous Symbol]
    main.o(.text.Led_Init) refers to stm32f10x_rcc.o(.text.RCC_APB2PeriphClockCmd) for RCC_APB2PeriphClockCmd
    main.o(.text.Led_Init) refers to stm32f10x_gpio.o(.text.GPIO_Init) for GPIO_Init
    main.o(.ARM.exidx.text.Led_Init) refers to main.o(.text.Led_Init) for [Anonymous Symbol]
    main.o(.text.Relay_Init) refers to stm32f10x_rcc.o(.text.RCC_APB2PeriphClockCmd) for RCC_APB2PeriphClockCmd
    main.o(.text.Relay_Init) refers to stm32f10x_gpio.o(.text.GPIO_Init) for GPIO_Init
    main.o(.ARM.exidx.text.Relay_Init) refers to main.o(.text.Relay_Init) for [Anonymous Symbol]
    main.o(.text.DelayInit) refers to system_stm32f10x.o(.text.SystemCoreClockUpdate) for SystemCoreClockUpdate
    main.o(.text.DelayInit) refers to system_stm32f10x.o(.data.SystemCoreClock) for SystemCoreClock
    main.o(.text.DelayInit) refers to main.o(.text.SysTick_Config) for SysTick_Config
    main.o(.ARM.exidx.text.DelayInit) refers to main.o(.text.DelayInit) for [Anonymous Symbol]
    main.o(.text.uart_Init) refers to stm32f10x_rcc.o(.text.RCC_APB2PeriphClockCmd) for RCC_APB2PeriphClockCmd
    main.o(.text.uart_Init) refers to stm32f10x_gpio.o(.text.GPIO_Init) for GPIO_Init
    main.o(.text.uart_Init) refers to stm32f10x_usart.o(.text.USART_Init) for USART_Init
    main.o(.text.uart_Init) refers to stm32f10x_usart.o(.text.USART_Cmd) for USART_Cmd
    main.o(.ARM.exidx.text.uart_Init) refers to main.o(.text.uart_Init) for [Anonymous Symbol]
    main.o(.text.LCD_SendCommand) refers to main.o(.text.LCD_Send4Bit) for LCD_Send4Bit
    main.o(.text.LCD_SendCommand) refers to main.o(.text.LCD_Enable) for LCD_Enable
    main.o(.ARM.exidx.text.LCD_SendCommand) refers to main.o(.text.LCD_SendCommand) for [Anonymous Symbol]
    main.o(.text.uart_SendStr) refers to main.o(.text.uart_SendChar) for uart_SendChar
    main.o(.ARM.exidx.text.uart_SendStr) refers to main.o(.text.uart_SendStr) for [Anonymous Symbol]
    main.o(.text.LCD_Gotoxy) refers to main.o(.text.LCD_SendCommand) for LCD_SendCommand
    main.o(.ARM.exidx.text.LCD_Gotoxy) refers to main.o(.text.LCD_Gotoxy) for [Anonymous Symbol]
    main.o(.text.LCD_Puts) refers to main.o(.text.LCD_PutChar) for LCD_PutChar
    main.o(.ARM.exidx.text.LCD_Puts) refers to main.o(.text.LCD_Puts) for [Anonymous Symbol]
    main.o(.ARM.exidx.text.Delay_ms_1) refers to main.o(.text.Delay_ms_1) for [Anonymous Symbol]
    main.o(.text.SysTick_Handler) refers to main.o(.bss.usTicks) for usTicks
    main.o(.ARM.exidx.text.SysTick_Handler) refers to main.o(.text.SysTick_Handler) for [Anonymous Symbol]
    main.o(.text.SysTick_Config) refers to main.o(.text.__NVIC_SetPriority) for __NVIC_SetPriority
    main.o(.ARM.exidx.text.SysTick_Config) refers to main.o(.text.SysTick_Config) for [Anonymous Symbol]
    main.o(.text.DelayUs) refers to main.o(.bss.usTicks) for usTicks
    main.o(.ARM.exidx.text.DelayUs) refers to main.o(.text.DelayUs) for [Anonymous Symbol]
    main.o(.text.DelayMs) refers to main.o(.text.DelayUs) for DelayUs
    main.o(.ARM.exidx.text.DelayMs) refers to main.o(.text.DelayMs) for [Anonymous Symbol]
    main.o(.text.GPIO_LCD_Config) refers to stm32f10x_rcc.o(.text.RCC_APB2PeriphClockCmd) for RCC_APB2PeriphClockCmd
    main.o(.text.GPIO_LCD_Config) refers to stm32f10x_gpio.o(.text.GPIO_WriteBit) for GPIO_WriteBit
    main.o(.text.GPIO_LCD_Config) refers to stm32f10x_gpio.o(.text.GPIO_Init) for GPIO_Init
[...]
    Removing stm32f10x_tim.o(.ARM.exidx.text.TIM_EncoderInterfaceConfig), (8 bytes).
    Removing stm32f10x_tim.o(.text.TIM_ForcedOC1Config), (60 bytes).
    Removing stm32f10x_tim.o(.ARM.exidx.text.TIM_ForcedOC1Config), (8 bytes).
    Removing stm32f10x_tim.o(.text.TIM_ForcedOC2Config), (62 bytes).
    Removing stm32f10x_tim.o(.ARM.exidx.text.TIM_ForcedOC2Config), (8 bytes).
    Removing stm32f10x_tim.o(.text.TIM_ForcedOC3Config), (60 bytes).
    Removing stm32f10x_tim.o(.ARM.exidx.text.TIM_ForcedOC3Config), (8 bytes).
    Removing stm32f10x_tim.o(.text.TIM_ForcedOC4Config), (62 bytes).
    Removing stm32f10x_tim.o(.ARM.exidx.text.TIM_ForcedOC4Config), (8 bytes).
    Removing stm32f10x_tim.o(.text.TIM_ARRPreloadConfig), (44 bytes).
    Removing stm32f10x_tim.o(.ARM.exidx.text.TIM_ARRPreloadConfig), (8 bytes).
    Removing stm32f10x_tim.o(.text.TIM_SelectCOM), (44 bytes).
    Removing stm32f10x_tim.o(.ARM.exidx.text.TIM_SelectCOM), (8 bytes).
    Removing stm32f10x_tim.o(.text.TIM_SelectCCDMA), (44 bytes).
    Removing stm32f10x_tim.o(.ARM.exidx.text.TIM_SelectCCDMA), (8 bytes).
    Removing stm32f10x_tim.o(.text.TIM_CCPreloadControl), (44 bytes).
    Removing stm32f10x_tim.o(.ARM.exidx.text.TIM_CCPreloadControl), (8 bytes).
    Removing stm32f10x_tim.o(.text.TIM_OC1PreloadConfig), (60 bytes).
    Removing stm32f10x_tim.o(.ARM.exidx.text.TIM_OC1PreloadConfig), (8 bytes).
    Removing stm32f10x_tim.o(.text.TIM_OC2PreloadConfig), (62 bytes).
    Removing stm32f10x_tim.o(.ARM.exidx.text.TIM_OC2PreloadConfig), (8 bytes).
    Removing stm32f10x_tim.o(.text.TIM_OC3PreloadConfig), (60 bytes).
    Removing stm32f10x_tim.o(.ARM.exidx.text.TIM_OC3PreloadConfig), (8 bytes).
    Removing stm32f10x_tim.o(.text.TIM_OC4PreloadConfig), (62 bytes).
    Removing stm32f10x_tim.o(.ARM.exidx.text.TIM_OC4PreloadConfig), (8 bytes).
    Removing stm32f10x_tim.o(.text.TIM_OC1FastConfig), (60 bytes).
    Removing stm32f10x_tim.o(.ARM.exidx.text.TIM_OC1FastConfig), (8 bytes).
    Removing stm32f10x_tim.o(.text.TIM_OC2FastConfig), (62 bytes).
    Removing stm32f10x_tim.o(.ARM.exidx.text.TIM_OC2FastConfig), (8 bytes).
    Removing stm32f10x_tim.o(.text.TIM_OC3FastConfig), (60 bytes).
    Removing stm32f10x_tim.o(.ARM.exidx.text.TIM_OC3FastConfig), (8 bytes).
    Removing stm32f10x_tim.o(.text.TIM_OC4FastConfig), (62 bytes).
    Removing stm32f10x_tim.o(.ARM.exidx.text.TIM_OC4FastConfig), (8 bytes).
    Removing stm32f10x_tim.o(.text.TIM_ClearOC1Ref), (60 bytes).
    Removing stm32f10x_tim.o(.ARM.exidx.text.TIM_ClearOC1Ref), (8 bytes).
    Removing stm32f10x_tim.o(.text.TIM_ClearOC2Ref), (62 bytes).
    Removing stm32f10x_tim.o(.ARM.exidx.text.TIM_ClearOC2Ref), (8 bytes).
    Removing stm32f10x_tim.o(.text.TIM_ClearOC3Ref), (60 bytes).
    Removing stm32f10x_tim.o(.ARM.exidx.text.TIM_ClearOC3Ref), (8 bytes).
    Removing stm32f10x_tim.o(.text.TIM_ClearOC4Ref), (62 bytes).
    Removing stm32f10x_tim.o(.ARM.exidx.text.TIM_ClearOC4Ref), (8 bytes).
    Removing stm32f10x_tim.o(.text.TIM_OC1PolarityConfig), (60 bytes).
    Removing stm32f10x_tim.o(.ARM.exidx.text.TIM_OC1PolarityConfig), (8 bytes).
    Removing stm32f10x_tim.o(.text.TIM_OC1NPolarityConfig), (60 bytes).
    Removing stm32f10x_tim.o(.ARM.exidx.text.TIM_OC1NPolarityConfig), (8 bytes).
    Removing stm32f10x_tim.o(.text.TIM_OC2PolarityConfig), (62 bytes).
    Removing stm32f10x_tim.o(.ARM.exidx.text.TIM_OC2PolarityConfig), (8 bytes).
    Removing stm32f10x_tim.o(.text.TIM_OC2NPolarityConfig), (62 bytes).
    Removing stm32f10x_tim.o(.ARM.exidx.text.TIM_OC2NPolarityConfig), (8 bytes).
    Removing stm32f10x_tim.o(.text.TIM_OC3PolarityConfig), (62 bytes).
    Removing stm32f10x_tim.o(.ARM.exidx.text.TIM_OC3PolarityConfig), (8 bytes).
    Removing stm32f10x_tim.o(.text.TIM_OC3NPolarityConfig), (62 bytes).
    Removing stm32f10x_tim.o(.ARM.exidx.text.TIM_OC3NPolarityConfig), (8 bytes).
    Removing stm32f10x_tim.o(.text.TIM_OC4PolarityConfig), (62 bytes).
    Removing stm32f10x_tim.o(.ARM.exidx.text.TIM_OC4PolarityConfig), (8 bytes).
    Removing stm32f10x_tim.o(.text.TIM_CCxCmd), (66 bytes).
    Removing stm32f10x_tim.o(.ARM.exidx.text.TIM_CCxCmd), (8 bytes).
    Removing stm32f10x_tim.o(.text.TIM_CCxNCmd), (66 bytes).
    Removing stm32f10x_tim.o(.ARM.exidx.text.TIM_CCxNCmd), (8 bytes).
    Removing stm32f10x_tim.o(.text.TIM_SelectOCxM), (156 bytes).
    Removing stm32f10x_tim.o(.ARM.exidx.text.TIM_SelectOCxM), (8 bytes).
    Removing stm32f10x_tim.o(.text.TIM_UpdateDisableConfig), (44 bytes).
    Removing stm32f10x_tim.o(.ARM.exidx.text.TIM_UpdateDisableConfig), (8 bytes).
    Removing stm32f10x_tim.o(.text.TIM_UpdateRequestConfig), (44 bytes).
    Removing stm32f10x_tim.o(.ARM.exidx.text.TIM_UpdateRequestConfig), (8 bytes).
    Removing stm32f10x_tim.o(.text.TIM_SelectHallSensor), (44 bytes).
    Removing stm32f10x_tim.o(.ARM.exidx.text.TIM_SelectHallSensor), (8 bytes).
    Removing stm32f10x_tim.o(.text.TIM_SelectOnePulseMode), (34 bytes).
    Removing stm32f10x_tim.o(.ARM.exidx.text.TIM_SelectOnePulseMode), (8 bytes).
    Removing stm32f10x_tim.o(.text.TIM_SelectOutputTrigger), (34 bytes).
    Removing stm32f10x_tim.o(.ARM.exidx.text.TIM_SelectOutputTrigger), (8 bytes).
    Removing stm32f10x_tim.o(.text.TIM_SelectSlaveMode), (34 bytes).
    Removing stm32f10x_tim.o(.ARM.exidx.text.TIM_SelectSlaveMode), (8 bytes).
    Removing stm32f10x_tim.o(.text.TIM_SelectMasterSlaveMode), (34 bytes).
    Removing stm32f10x_tim.o(.ARM.exidx.text.TIM_SelectMasterSlaveMode), (8 bytes).
    Removing stm32f10x_tim.o(.text.TIM_SetCounter), (20 bytes).
    Removing stm32f10x_tim.o(.ARM.exidx.text.TIM_SetCounter), (8 bytes).
    Removing stm32f10x_tim.o(.text.TIM_SetAutoreload), (20 bytes).
    Removing stm32f10x_tim.o(.ARM.exidx.text.TIM_SetAutoreload), (8 bytes).
    Removing stm32f10x_tim.o(.text.TIM_SetCompare1), (20 bytes).
    Removing stm32f10x_tim.o(.ARM.exidx.text.TIM_SetCompare1), (8 bytes).
    Removing stm32f10x_tim.o(.text.TIM_SetCompare2), (20 bytes).
    Removing stm32f10x_tim.o(.ARM.exidx.text.TIM_SetCompare2), (8 bytes).
    Removing stm32f10x_tim.o(.text.TIM_SetCompare3), (20 bytes).
    Removing stm32f10x_tim.o(.ARM.exidx.text.TIM_SetCompare3), (8 bytes).
    Removing stm32f10x_tim.o(.text.TIM_SetCompare4), (22 bytes).
    Removing stm32f10x_tim.o(.ARM.exidx.text.TIM_SetCompare4), (8 bytes).
    Removing stm32f10x_tim.o(.text.TIM_SetClockDivision), (34 bytes).
    Removing stm32f10x_tim.o(.ARM.exidx.text.TIM_SetClockDivision), (8 bytes).
    Removing stm32f10x_tim.o(.text.TIM_GetCapture1), (12 bytes).
    Removing stm32f10x_tim.o(.ARM.exidx.text.TIM_GetCapture1), (8 bytes).
    Removing stm32f10x_tim.o(.text.TIM_GetCapture2), (12 bytes).
    Removing stm32f10x_tim.o(.ARM.exidx.text.TIM_GetCapture2), (8 bytes).
    Removing stm32f10x_tim.o(.text.TIM_GetCapture3), (12 bytes).
    Removing stm32f10x_tim.o(.ARM.exidx.text.TIM_GetCapture3), (8 bytes).
    Removing stm32f10x_tim.o(.text.TIM_GetCapture4), (14 bytes).
    Removing stm32f10x_tim.o(.ARM.exidx.text.TIM_GetCapture4), (8 bytes).
    Removing stm32f10x_tim.o(.text.TIM_GetCounter), (12 bytes).
    Removing stm32f10x_tim.o(.ARM.exidx.text.TIM_GetCounter), (8 bytes).
    Removing stm32f10x_tim.o(.text.TIM_GetPrescaler), (12 bytes).
    Removing stm32f10x_tim.o(.ARM.exidx.text.TIM_GetPrescaler), (8 bytes).
    Removing stm32f10x_tim.o(.text.TIM_GetFlagStatus), (54 bytes).
    Removing stm32f10x_tim.o(.ARM.exidx.text.TIM_GetFlagStatus), (8 bytes).
    Removing stm32f10x_tim.o(.text.TIM_ClearFlag), (22 bytes).
    Removing stm32f10x_tim.o(.ARM.exidx.text.TIM_ClearFlag), (8 bytes).
    Removing stm32f10x_tim.o(.text.TIM_GetITStatus), (90 bytes).
    Removing stm32f10x_tim.o(.ARM.exidx.text.TIM_GetITStatus), (8 bytes).
    Removing stm32f10x_tim.o(.text.TIM_ClearITPendingBit), (22 bytes).
    Removing stm32f10x_tim.o(.ARM.exidx.text.TIM_ClearITPendingBit), (8 bytes).
    Removing stm32f10x_usart.o(.text), (0 bytes).
    Removing stm32f10x_usart.o(.text.USART_DeInit), (208 bytes).
    Removing stm32f10x_usart.o(.ARM.exidx.text.USART_DeInit), (8 bytes).
    Removing stm32f10x_usart.o(.ARM.exidx.text.USART_Init), (8 bytes).
    Removing stm32f10x_usart.o(.text.USART_StructInit), (40 bytes).
    Removing stm32f10x_usart.o(.ARM.exidx.text.USART_StructInit), (8 bytes).
    Removing stm32f10x_usart.o(.text.USART_ClockInit), (58 bytes).
    Removing stm32f10x_usart.o(.ARM.exidx.text.USART_ClockInit), (8 bytes).
    Removing stm32f10x_usart.o(.text.USART_ClockStructInit), (26 bytes).
    Removing stm32f10x_usart.o(.ARM.exidx.text.USART_ClockStructInit), (8 bytes).
    Removing stm32f10x_usart.o(.ARM.exidx.text.USART_Cmd), (8 bytes).
    Removing stm32f10x_usart.o(.text.USART_ITConfig), (146 bytes).
    Removing stm32f10x_usart.o(.ARM.exidx.text.USART_ITConfig), (8 bytes).
    Removing stm32f10x_usart.o(.text.USART_DMACmd), (52 bytes).
    Removing stm32f10x_usart.o(.ARM.exidx.text.USART_DMACmd), (8 bytes).
    Removing stm32f10x_usart.o(.text.USART_SetAddress), (34 bytes).
    Removing stm32f10x_usart.o(.ARM.exidx.text.USART_SetAddress), (8 bytes).
    Removing stm32f10x_usart.o(.text.USART_WakeUpConfig), (34 bytes).
    Removing stm32f10x_usart.o(.ARM.exidx.text.USART_WakeUpConfig), (8 bytes).
    Removing stm32f10x_usart.o(.text.USART_ReceiverWakeUpCmd), (44 bytes).
    Removing stm32f10x_usart.o(.ARM.exidx.text.USART_ReceiverWakeUpCmd), (8 bytes).
    Removing stm32f10x_usart.o(.text.USART_LINBreakDetectLengthConfig), (34 bytes).
    Removing stm32f10x_usart.o(.ARM.exidx.text.USART_LINBreakDetectLengthConfig), (8 bytes).
    Removing stm32f10x_usart.o(.text.USART_LINCmd), (44 bytes).
    Removing stm32f10x_usart.o(.ARM.exidx.text.USART_LINCmd), (8 bytes).
    Removing stm32f10x_usart.o(.ARM.exidx.text.USART_SendData), (8 bytes).
    Removing stm32f10x_usart.o(.text.USART_ReceiveData), (16 bytes).
    Removing stm32f10x_usart.o(.ARM.exidx.text.USART_ReceiveData), (8 bytes).
    Removing stm32f10x_usart.o(.text.USART_SendBreak), (18 bytes).
    Removing stm32f10x_usart.o(.ARM.exidx.text.USART_SendBreak), (8 bytes).
    Removing stm32f10x_usart.o(.text.USART_SetGuardTime), (34 bytes).
    Removing stm32f10x_usart.o(.ARM.exidx.text.USART_SetGuardTime), (8 bytes).
    Removing stm32f10x_usart.o(.text.USART_SetPrescaler), (34 bytes).
    Removing stm32f10x_usart.o(.ARM.exidx.text.USART_SetPrescaler), (8 bytes).
    Removing stm32f10x_usart.o(.text.USART_SmartCardCmd), (44 bytes).
    Removing stm32f10x_usart.o(.ARM.exidx.text.USART_SmartCardCmd), (8 bytes).
    Removing stm32f10x_usart.o(.text.USART_SmartCardNACKCmd), (44 bytes).
    Removing stm32f10x_usart.o(.ARM.exidx.text.USART_SmartCardNACKCmd), (8 bytes).
    Removing stm32f10x_usart.o(.text.USART_HalfDuplexCmd), (44 bytes).
    Removing stm32f10x_usart.o(.ARM.exidx.text.USART_HalfDuplexCmd), (8 bytes).
    Removing stm32f10x_usart.o(.text.USART_OverSampling8Cmd), (44 bytes).
    Removing stm32f10x_usart.o(.ARM.exidx.text.USART_OverSampling8Cmd), (8 bytes).
    Removing stm32f10x_usart.o(.text.USART_OneBitMethodCmd), (44 bytes).
    Removing stm32f10x_usart.o(.ARM.exidx.text.USART_OneBitMethodCmd), (8 bytes).
    Removing stm32f10x_usart.o(.text.USART_IrDAConfig), (34 bytes).
    Removing stm32f10x_usart.o(.ARM.exidx.text.USART_IrDAConfig), (8 bytes).
    Removing stm32f10x_usart.o(.text.USART_IrDACmd), (44 bytes).
    Removing stm32f10x_usart.o(.ARM.exidx.text.USART_IrDACmd), (8 bytes).
    Removing stm32f10x_usart.o(.ARM.exidx.text.USART_GetFlagStatus), (8 bytes).
    Removing stm32f10x_usart.o(.text.USART_ClearFlag), (36 bytes).
    Removing stm32f10x_usart.o(.ARM.exidx.text.USART_ClearFlag), (8 bytes).
    Removing stm32f10x_usart.o(.text.USART_GetITStatus), (176 bytes).
    Removing stm32f10x_usart.o(.ARM.exidx.text.USART_GetITStatus), (8 bytes).
    Removing stm32f10x_usart.o(.text.USART_ClearITPendingBit), (68 bytes).
    Removing stm32f10x_usart.o(.ARM.exidx.text.USART_ClearITPendingBit), (8 bytes).
    Removing dma_stm32f10x.o(.text), (0 bytes).
    Removing dma_stm32f10x.o(.text.DMA_ChannelInitialize), (352 bytes).
    Removing dma_stm32f10x.o(.ARM.exidx.text.DMA_ChannelInitialize), (8 bytes).
    Removing dma_stm32f10x.o(.text.__NVIC_ClearPendingIRQ), (48 bytes).
    Removing dma_stm32f10x.o(.ARM.exidx.text.__NVIC_ClearPendingIRQ), (8 bytes).
    Removing dma_stm32f10x.o(.text.__NVIC_EnableIRQ), (48 bytes).
    Removing dma_stm32f10x.o(.ARM.exidx.text.__NVIC_EnableIRQ), (8 bytes).
    Removing dma_stm32f10x.o(.text.DMA_ChannelUninitialize), (236 bytes).
    Removing dma_stm32f10x.o(.ARM.exidx.text.DMA_ChannelUninitialize), (8 bytes).
    Removing dma_stm32f10x.o(.text.__NVIC_DisableIRQ), (56 bytes).
    Removing dma_stm32f10x.o(.ARM.exidx.text.__NVIC_DisableIRQ), (8 bytes).
    Removing dma_stm32f10x.o(.ARM.exidx.text.DMA1_Channel1_Event), (8 bytes).
    Removing dma_stm32f10x.o(.ARM.exidx.text.DMA1_Channel2_Event), (8 bytes).
    Removing dma_stm32f10x.o(.ARM.exidx.text.DMA1_Channel3_Event), (8 bytes).
    Removing dma_stm32f10x.o(.ARM.exidx.text.DMA1_Channel4_Event), (8 bytes).
    Removing dma_stm32f10x.o(.ARM.exidx.text.DMA1_Channel5_Event), (8 bytes).
    Removing dma_stm32f10x.o(.ARM.exidx.text.DMA1_Channel6_Event), (8 bytes).
    Removing dma_stm32f10x.o(.ARM.exidx.text.DMA1_Channel7_Event), (8 bytes).
    Removing dma_stm32f10x.o(.ARM.exidx.text.DMA1_Channel1_IRQHandler), (8 bytes).
    Removing dma_stm32f10x.o(.ARM.exidx.text.DMA1_Channel2_IRQHandler), (8 bytes).
    Removing dma_stm32f10x.o(.ARM.exidx.text.DMA1_Channel3_IRQHandler), (8 bytes).
    Removing dma_stm32f10x.o(.ARM.exidx.text.DMA1_Channel4_IRQHandler), (8 bytes).
    Removing dma_stm32f10x.o(.ARM.exidx.text.DMA1_Channel5_IRQHandler), (8 bytes).
    Removing dma_stm32f10x.o(.ARM.exidx.text.DMA1_Channel6_IRQHandler), (8 bytes).
    Removing dma_stm32f10x.o(.ARM.exidx.text.DMA1_Channel7_IRQHandler), (8 bytes).
    Removing dma_stm32f10x.o(.bss.DMA1_Channel), (1 bytes).
    Removing gpio_stm32f10x.o(.text), (0 bytes).
    Removing gpio_stm32f10x.o(.text.GPIO_PortClock), (528 bytes).
    Removing gpio_stm32f10x.o(.ARM.exidx.text.GPIO_PortClock), (8 bytes).
    Removing gpio_stm32f10x.o(.text.GPIO_GetPortClockState), (284 bytes).
    Removing gpio_stm32f10x.o(.ARM.exidx.text.GPIO_GetPortClockState), (8 bytes).
    Removing gpio_stm32f10x.o(.text.GPIO_PinConfigure), (222 bytes).
    Removing gpio_stm32f10x.o(.ARM.exidx.text.GPIO_PinConfigure), (8 bytes).
    Removing gpio_stm32f10x.o(.text.GPIO_AFConfigure), (228 bytes).
    Removing gpio_stm32f10x.o(.ARM.exidx.text.GPIO_AFConfigure), (8 bytes).
    Removing system_stm32f10x.o(.text), (0 bytes).
    Removing system_stm32f10x.o(.ARM.exidx.text.SystemInit), (8 bytes).
    Removing system_stm32f10x.o(.ARM.exidx.text.SetSysClock), (8 bytes).
    Removing system_stm32f10x.o(.ARM.exidx.text.SystemCoreClockUpdate), (8 bytes).
    Removing system_stm32f10x.o(.ARM.exidx.text.SetSysClockTo72), (8 bytes).

2673 unused section(s) (total 1271633 bytes) removed from the image.

==============================================================================

Image Symbol Table

    Local Symbols

    Symbol Name                              Value     Ov Type        Size  Object(Section)

    ../clib/angel/boardlib.s                 0x00000000   Number         0  boardinit1.o ABSOLUTE
    ../clib/angel/boardlib.s                 0x00000000   Number         0  boardinit2.o ABSOLUTE
    ../clib/angel/boardlib.s                 0x00000000   Number         0  boardinit3.o ABSOLUTE
    ../clib/angel/boardlib.s                 0x00000000   Number         0  boardshut.o ABSOLUTE
    ../clib/angel/handlers.s                 0x00000000   Number         0  __scatter_copy.o ABSOLUTE
    ../clib/angel/handlers.s                 0x00000000   Number         0  __scatter_zi.o ABSOLUTE
    ../clib/angel/kernel.s                   0x00000000   Number         0  __rtentry.o ABSOLUTE
    ../clib/angel/kernel.s                   0x00000000   Number         0  __rtentry2.o ABSOLUTE
    ../clib/angel/kernel.s                   0x00000000   Number         0  __rtentry4.o ABSOLUTE
    ../clib/angel/kernel.s                   0x00000000   Number         0  rtexit.o ABSOLUTE
    ../clib/angel/kernel.s                   0x00000000   Number         0  rtexit2.o ABSOLUTE
    ../clib/angel/rt.s                       0x00000000   Number         0  aeabi_ldiv0.o ABSOLUTE
    ../clib/angel/rt.s                       0x00000000   Number         0  aeabi_ldiv0_sigfpe.o ABSOLUTE
    ../clib/angel/rt.s                       0x00000000   Number         0  rt_div0.o ABSOLUTE
    ../clib/angel/rt.s                       0x00000000   Number         0  rt_errno_addr.o ABSOLUTE
    ../clib/angel/rt.s                       0x00000000   Number         0  rt_errno_addr_intlibspace.o ABSOLUTE
    ../clib/angel/rt.s                       0x00000000   Number         0  rt_raise.o ABSOLUTE
    ../clib/angel/scatter.s                  0x00000000   Number         0  __scatter.o ABSOLUTE
    ../clib/angel/startup.s                  0x00000000   Number         0  __main.o ABSOLUTE
    ../clib/angel/sys.s                      0x00000000   Number         0  libspace.o ABSOLUTE
    ../clib/angel/sys.s                      0x00000000   Number         0  sys_stackheap_outer.o ABSOLUTE
    ../clib/angel/sys.s                      0x00000000   Number         0  use_no_semi.o ABSOLUTE
    ../clib/angel/sys.s                      0x00000000   Number         0  indicate_semi.o ABSOLUTE
    ../clib/angel/sysapp.c                   0x00000000   Number         0  sys_exit.o ABSOLUTE
    ../clib/angel/sysapp.c                   0x00000000   Number         0  sys_exit_hlt.o ABSOLUTE
    ../clib/angel/sysapp.c                   0x00000000   Number         0  sys_wrch.o ABSOLUTE
    ../clib/angel/sysapp.c                   0x00000000   Number         0  sys_wrch_hlt.o ABSOLUTE
    ../clib/angel/sysapp.c                   0x00000000   Number         0  sys_command.o ABSOLUTE
    ../clib/angel/sysapp.c                   0x00000000   Number         0  sys_command_hlt.o ABSOLUTE
    ../clib/armsys.c                         0x00000000   Number         0  argv_veneer.o ABSOLUTE
    ../clib/armsys.c                         0x00000000   Number         0  argv_veneer.o ABSOLUTE
    ../clib/armsys.c                         0x00000000   Number         0  _get_argv_nomalloc.o ABSOLUTE
    ../clib/armsys.c                         0x00000000   Number         0  no_argv.o ABSOLUTE
    ../clib/fenv.c                           0x00000000   Number         0  _rserrno.o ABSOLUTE
    ../clib/heapalloc.c                      0x00000000   Number         0  hrguard.o ABSOLUTE
    ../clib/heapaux.c                        0x00000000   Number         0  heapauxi.o ABSOLUTE
    ../clib/libinit.s                        0x00000000   Number         0  libinit.o ABSOLUTE
    ../clib/libinit.s                        0x00000000   Number         0  libinit2.o ABSOLUTE
    ../clib/libinit.s                        0x00000000   Number         0  libshutdown.o ABSOLUTE
    ../clib/libinit.s                        0x00000000   Number         0  libshutdown2.o ABSOLUTE
    ../clib/longlong.s                       0x00000000   Number         0  lludivv7m.o ABSOLUTE
    ../clib/longlong.s                       0x00000000   Number         0  llsdiv.o ABSOLUTE
    ../clib/memcpset.s                       0x00000000   Number         0  rt_memcpy_v6.o ABSOLUTE
    ../clib/memcpset.s                       0x00000000   Number         0  rt_memmove_v6.o ABSOLUTE
    ../clib/memcpset.s                       0x00000000   Number         0  rt_memcpy_w.o ABSOLUTE
    ../clib/memcpset.s                       0x00000000   Number         0  aeabi_memset.o ABSOLUTE
    ../clib/memcpset.s                       0x00000000   Number         0  rt_memclr.o ABSOLUTE
    ../clib/memcpset.s                       0x00000000   Number         0  rt_memclr_w.o ABSOLUTE
    ../clib/memcpset.s                       0x00000000   Number         0  rt_memmove_w.o ABSOLUTE
    ../clib/signal.c                         0x00000000   Number         0  defsig_fpe_outer.o ABSOLUTE
    ../clib/signal.c                         0x00000000   Number         0  defsig_fpe_formal.o ABSOLUTE
    ../clib/signal.c                         0x00000000   Number         0  defsig_exit.o ABSOLUTE
    ../clib/signal.c                         0x00000000   Number         0  defsig_fpe_inner.o ABSOLUTE
    ../clib/signal.c                         0x00000000   Number         0  __raise.o ABSOLUTE
    ../clib/signal.c                         0x00000000   Number         0  defsig_general.o ABSOLUTE
    ../clib/signal.c                         0x00000000   Number         0  defsig_abrt_inner.o ABSOLUTE
    ../clib/signal.c                         0x00000000   Number         0  defsig_rtred_inner.o ABSOLUTE
    ../clib/signal.c                         0x00000000   Number         0  defsig_rtmem_inner.o ABSOLUTE
    ../clib/signal.c                         0x00000000   Number         0  defsig_rtmem_outer.o ABSOLUTE
    ../clib/signal.c                         0x00000000   Number         0  defsig_rtmem_formal.o ABSOLUTE
    ../clib/signal.c                         0x00000000   Number         0  defsig_stak_inner.o ABSOLUTE
    ../clib/signal.c                         0x00000000   Number         0  defsig_pvfn_inner.o ABSOLUTE
    ../clib/signal.c                         0x00000000   Number         0  defsig_cppl_inner.o ABSOLUTE
    ../clib/signal.c                         0x00000000   Number         0  defsig_segv_inner.o ABSOLUTE
    ../clib/signal.c                         0x00000000   Number         0  defsig_other.o ABSOLUTE
    ../clib/signal.s                         0x00000000   Number         0  defsig.o ABSOLUTE
    ../clib/stdlib.c                         0x00000000   Number         0  exit.o ABSOLUTE
    ../fplib/cfplib/d2h.c                    0x00000000   Number         0  d2h.o ABSOLUTE
    ../fplib/cfplib/f2h.c                    0x00000000   Number         0  f2h.o ABSOLUTE
    ../fplib/cfplib/h2f.c                    0x00000000   Number         0  h2f.o ABSOLUTE
    ../fplib/d2f.s                           0x00000000   Number         0  d2f.o ABSOLUTE
    ../fplib/daddsub.s                       0x00000000   Number         0  daddsub_clz.o ABSOLUTE
    ../fplib/dcheck1.s                       0x00000000   Number         0  dcheck1.o ABSOLUTE
    ../fplib/dcmp.s                          0x00000000   Number         0  dcmp.o ABSOLUTE
    ../fplib/dcmpi.s                         0x00000000   Number         0  dcmpi.o ABSOLUTE
    ../fplib/ddiv.s                          0x00000000   Number         0  ddiv.o ABSOLUTE
    ../fplib/deqf.s                          0x00000000   Number         0  deqf.o ABSOLUTE
    ../fplib/dfix.s                          0x00000000   Number         0  dfix.o ABSOLUTE
    ../fplib/dfixll.s                        0x00000000   Number         0  dfixll.o ABSOLUTE
    ../fplib/dflt.s                          0x00000000   Number         0  dflt_clz.o ABSOLUTE
    ../fplib/dgeqf.s                         0x00000000   Number         0  dgeqf.o ABSOLUTE
    ../fplib/dleqf.s                         0x00000000   Number         0  dleqf.o ABSOLUTE
    ../fplib/dmul.s                          0x00000000   Number         0  dmul.o ABSOLUTE
    ../fplib/dnaninf.s                       0x00000000   Number         0  dnaninf.o ABSOLUTE
    ../fplib/dretinf.s                       0x00000000   Number         0  dretinf.o ABSOLUTE
    ../fplib/drleqf.s                        0x00000000   Number         0  drleqf.o ABSOLUTE
    ../fplib/dsqrt.s                         0x00000000   Number         0  dsqrt_noumaal.o ABSOLUTE
    ../fplib/f2d.s                           0x00000000   Number         0  f2d.o ABSOLUTE
    ../fplib/faddsub.s                       0x00000000   Number         0  faddsub_clz.o ABSOLUTE
    ../fplib/fcheck1.s                       0x00000000   Number         0  fcheck1.o ABSOLUTE
    ../fplib/fcmp.s                          0x00000000   Number         0  fcmp.o ABSOLUTE
    ../fplib/fcmpi.s                         0x00000000   Number         0  fcmpi.o ABSOLUTE
    ../fplib/fdiv.s                          0x00000000   Number         0  fdiv.o ABSOLUTE
    ../fplib/feqf.s                          0x00000000   Number         0  feqf.o ABSOLUTE
    ../fplib/ffix.s                          0x00000000   Number         0  ffix.o ABSOLUTE
    ../fplib/ffixll.s                        0x00000000   Number         0  ffixll.o ABSOLUTE
    ../fplib/fflt.s                          0x00000000   Number         0  fflt_clz.o ABSOLUTE
    ../fplib/fgeqf.s                         0x00000000   Number         0  fgeqf.o ABSOLUTE
    ../fplib/fleqf.s                         0x00000000   Number         0  fleqf.o ABSOLUTE
    ../fplib/fmul.s                          0x00000000   Number         0  fmul.o ABSOLUTE
    ../fplib/fnaninf.s                       0x00000000   Number         0  fnaninf.o ABSOLUTE
    ../fplib/fpinit.s                        0x00000000   Number         0  fpinit.o ABSOLUTE
    ../fplib/fpinit_empty.s                  0x00000000   Number         0  fpinit_empty.o ABSOLUTE
    ../fplib/fretinf.s                       0x00000000   Number         0  fretinf.o ABSOLUTE
    ../fplib/frnd.s                          0x00000000   Number         0  frnd.o ABSOLUTE
    ../fplib/fsqrt.s                         0x00000000   Number         0  fsqrt.o ABSOLUTE
    ../fplib/istatus.s                       0x00000000   Number         0  istatus.o ABSOLUTE
    ../fplib/retnan.s                        0x00000000   Number         0  retnan.o ABSOLUTE
    ../fplib/scalbn.s                        0x00000000   Number         0  scalbn.o ABSOLUTE
    ../fplib/scalbnf.s                       0x00000000   Number         0  scalbnf.o ABSOLUTE
    ../fplib/trapv.s                         0x00000000   Number         0  trapv.o ABSOLUTE
    ../fplib/usenofp.s                       0x00000000   Number         0  usenofp.o ABSOLUTE
    ../mathlib/dunder.c                      0x00000000   Number         0  dunder.o ABSOLUTE
    ../mathlib/exp.c                         0x00000000   Number         0  exp.o ABSOLUTE
    ../mathlib/expf.c                        0x00000000   Number         0  expf.o ABSOLUTE
    ../mathlib/floor.c                       0x00000000   Number         0  floor.o ABSOLUTE
    ../mathlib/fpclassify.c                  0x00000000   Number         0  fpclassify.o ABSOLUTE
    ../mathlib/fpclassifyf.c                 0x00000000   Number         0  fpclassifyf.o ABSOLUTE
    ../mathlib/funder.c                      0x00000000   Number         0  funder.o ABSOLUTE
    ../mathlib/log.c                         0x00000000   Number         0  log.o ABSOLUTE
    ../mathlib/logf.c                        0x00000000   Number         0  logf.o ABSOLUTE
    ../mathlib/poly.c                        0x00000000   Number         0  poly.o ABSOLUTE
    ../mathlib/powf.c                        0x00000000   Number         0  powf.o ABSOLUTE
    ../mathlib/qnan.c                        0x00000000   Number         0  qnan.o ABSOLUTE
    ../mathlib/sqrt.c                        0x00000000   Number         0  sqrt.o ABSOLUTE
    ../mathlib/sqrtf.c                       0x00000000   Number         0  sqrtf.o ABSOLUTE
    ../mathlib/tanhf.c                       0x00000000   Number         0  tanhf.o ABSOLUTE
    BasicMathFunctions.c                     0x00000000   Number         0  basicmathfunctions.o ABSOLUTE
    BasicMathFunctionsF16.c                  0x00000000   Number         0  basicmathfunctionsf16.o ABSOLUTE
    BayesFunctions.c                         0x00000000   Number         0  bayesfunctions.o ABSOLUTE
    BayesFunctionsF16.c                      0x00000000   Number         0  bayesfunctionsf16.o ABSOLUTE
    CommonTables.c                           0x00000000   Number         0  commontables.o ABSOLUTE
    CommonTablesF16.c                        0x00000000   Number         0  commontablesf16.o ABSOLUTE
    ComplexMathFunctions.c                   0x00000000   Number         0  complexmathfunctions.o ABSOLUTE
    ComplexMathFunctionsF16.c                0x00000000   Number         0  complexmathfunctionsf16.o ABSOLUTE
    ControllerFunctions.c                    0x00000000   Number         0  controllerfunctions.o ABSOLUTE
    DMA_STM32F10x.c                          0x00000000   Number         0  dma_stm32f10x.o ABSOLUTE
    DistanceFunctions.c                      0x00000000   Number         0  distancefunctions.o ABSOLUTE
    DistanceFunctionsF16.c                   0x00000000   Number         0  distancefunctionsf16.o ABSOLUTE
    FastMathFunctions.c                      0x00000000   Number         0  fastmathfunctions.o ABSOLUTE
    FastMathFunctionsF16.c                   0x00000000   Number         0  fastmathfunctionsf16.o ABSOLUTE
    FilteringFunctions.c                     0x00000000   Number         0  filteringfunctions.o ABSOLUTE
    FilteringFunctionsF16.c                  0x00000000   Number         0  filteringfunctionsf16.o ABSOLUTE
    GPIO_STM32F10x.c                         0x00000000   Number         0  gpio_stm32f10x.o ABSOLUTE
    InterpolationFunctions.c                 0x00000000   Number         0  interpolationfunctions.o ABSOLUTE
    InterpolationFunctionsF16.c              0x00000000   Number         0  interpolationfunctionsf16.o ABSOLUTE
    MatrixFunctions.c                        0x00000000   Number         0  matrixfunctions.o ABSOLUTE
    MatrixFunctionsF16.c                     0x00000000   Number         0  matrixfunctionsf16.o ABSOLUTE
    QuaternionMathFunctions.c                0x00000000   Number         0  quaternionmathfunctions.o ABSOLUTE
    RTE/Device/STM32F103C8/startup_stm32f10x_md.s 0x00000000   Number         0  startup_stm32f10x_md.o ABSOLUTE
    SVMFunctions.c                           0x00000000   Number         0  svmfunctions.o ABSOLUTE
    SVMFunctionsF16.c                        0x00000000   Number         0  svmfunctionsf16.o ABSOLUTE
    StatisticsFunctions.c                    0x00000000   Number         0  statisticsfunctions.o ABSOLUTE
    StatisticsFunctionsF16.c                 0x00000000   Number         0  statisticsfunctionsf16.o ABSOLUTE
    SupportFunctions.c                       0x00000000   Number         0  supportfunctions.o ABSOLUTE
    SupportFunctionsF16.c                    0x00000000   Number         0  supportfunctionsf16.o ABSOLUTE
    TransformFunctions.c                     0x00000000   Number         0  transformfunctions.o ABSOLUTE
    TransformFunctionsF16.c                  0x00000000   Number         0  transformfunctionsf16.o ABSOLUTE
    arm_avgpool_get_buffer_sizes_s16.c       0x00000000   Number         0  arm_avgpool_get_buffer_sizes_s16.o ABSOLUTE
    arm_avgpool_get_buffer_sizes_s8.c        0x00000000   Number         0  arm_avgpool_get_buffer_sizes_s8.o ABSOLUTE
    arm_avgpool_s16.c                        0x00000000   Number         0  arm_avgpool_s16.o ABSOLUTE
    arm_avgpool_s8.c                         0x00000000   Number         0  arm_avgpool_s8.o ABSOLUTE
    arm_concatenation_s8_w.c                 0x00000000   Number         0  arm_concatenation_s8_w.o ABSOLUTE
    arm_concatenation_s8_x.c                 0x00000000   Number         0  arm_concatenation_s8_x.o ABSOLUTE
    arm_concatenation_s8_y.c                 0x00000000   Number         0  arm_concatenation_s8_y.o ABSOLUTE
    arm_concatenation_s8_z.c                 0x00000000   Number         0  arm_concatenation_s8_z.o ABSOLUTE
    arm_convolve_1_x_n_s8.c                  0x00000000   Number         0  arm_convolve_1_x_n_s8.o ABSOLUTE
    arm_convolve_1x1_s8.c                    0x00000000   Number         0  arm_convolve_1x1_s8.o ABSOLUTE
    arm_convolve_1x1_s8_fast.c               0x00000000   Number         0  arm_convolve_1x1_s8_fast.o ABSOLUTE
    arm_convolve_fast_s16.c                  0x00000000   Number         0  arm_convolve_fast_s16.o ABSOLUTE
    arm_convolve_get_buffer_sizes_s16.c      0x00000000   Number         0  arm_convolve_get_buffer_sizes_s16.o ABSOLUTE
    arm_convolve_get_buffer_sizes_s8.c       0x00000000   Number         0  arm_convolve_get_buffer_sizes_s8.o ABSOLUTE
    arm_convolve_s16.c                       0x00000000   Number         0  arm_convolve_s16.o ABSOLUTE
    arm_convolve_s8.c                        0x00000000   Number         0  arm_convolve_s8.o ABSOLUTE
    arm_convolve_wrapper_s16.c               0x00000000   Number         0  arm_convolve_wrapper_s16.o ABSOLUTE
    arm_convolve_wrapper_s8.c                0x00000000   Number         0  arm_convolve_wrapper_s8.o ABSOLUTE
    arm_depthwise_conv_3x3_s8.c              0x00000000   Number         0  arm_depthwise_conv_3x3_s8.o ABSOLUTE
    arm_depthwise_conv_fast_s16.c            0x00000000   Number         0  arm_depthwise_conv_fast_s16.o ABSOLUTE
    arm_depthwise_conv_get_buffer_sizes_s16.c 0x00000000   Number         0  arm_depthwise_conv_get_buffer_sizes_s16.o ABSOLUTE
    arm_depthwise_conv_get_buffer_sizes_s8.c 0x00000000   Number         0  arm_depthwise_conv_get_buffer_sizes_s8.o ABSOLUTE
    arm_depthwise_conv_s16.c                 0x00000000   Number         0  arm_depthwise_conv_s16.o ABSOLUTE
    arm_depthwise_conv_s8.c                  0x00000000   Number         0  arm_depthwise_conv_s8.o ABSOLUTE
    arm_depthwise_conv_s8_opt.c              0x00000000   Number         0  arm_depthwise_conv_s8_opt.o ABSOLUTE
    arm_depthwise_conv_wrapper_s16.c         0x00000000   Number         0  arm_depthwise_conv_wrapper_s16.o ABSOLUTE
    arm_depthwise_conv_wrapper_s8.c          0x00000000   Number         0  arm_depthwise_conv_wrapper_s8.o ABSOLUTE
    arm_elementwise_add_s16.c                0x00000000   Number         0  arm_elementwise_add_s16.o ABSOLUTE
    arm_elementwise_add_s8.c                 0x00000000   Number         0  arm_elementwise_add_s8.o ABSOLUTE
    arm_elementwise_mul_s16.c                0x00000000   Number         0  arm_elementwise_mul_s16.o ABSOLUTE
    arm_elementwise_mul_s16_s8.c             0x00000000   Number         0  arm_elementwise_mul_s16_s8.o ABSOLUTE
    arm_elementwise_mul_s8.c                 0x00000000   Number         0  arm_elementwise_mul_s8.o ABSOLUTE
    arm_fully_connected_get_buffer_sizes_s16.c 0x00000000   Number         0  arm_fully_connected_get_buffer_sizes_s16.o ABSOLUTE
    arm_fully_connected_get_buffer_sizes_s8.c 0x00000000   Number         0  arm_fully_connected_get_buffer_sizes_s8.o ABSOLUTE
    arm_fully_connected_s16.c                0x00000000   Number         0  arm_fully_connected_s16.o ABSOLUTE
    arm_fully_connected_s8.c                 0x00000000   Number         0  arm_fully_connected_s8.o ABSOLUTE
    arm_lstm_unidirectional_s8_s16.c         0x00000000   Number         0  arm_lstm_unidirectional_s8_s16.o ABSOLUTE
    arm_max_pool_s16.c                       0x00000000   Number         0  arm_max_pool_s16.o ABSOLUTE
    arm_max_pool_s8.c                        0x00000000   Number         0  arm_max_pool_s8.o ABSOLUTE
    arm_nn_activation_s16.c                  0x00000000   Number         0  arm_nn_activation_s16.o ABSOLUTE
    arm_nn_depthwise_conv_nt_t_padded_s8.c   0x00000000   Number         0  arm_nn_depthwise_conv_nt_t_padded_s8.o ABSOLUTE
    arm_nn_depthwise_conv_nt_t_s16.c         0x00000000   Number         0  arm_nn_depthwise_conv_nt_t_s16.o ABSOLUTE
    arm_nn_depthwise_conv_nt_t_s8.c          0x00000000   Number         0  arm_nn_depthwise_conv_nt_t_s8.o ABSOLUTE
    arm_nn_depthwise_conv_s8_core.c          0x00000000   Number         0  arm_nn_depthwise_conv_s8_core.o ABSOLUTE
    arm_nn_lstm_calculate_gate_s8_s16.c      0x00000000   Number         0  arm_nn_lstm_calculate_gate_s8_s16.o ABSOLUTE
    arm_nn_lstm_step_s8_s16.c                0x00000000   Number         0  arm_nn_lstm_step_s8_s16.o ABSOLUTE
    arm_nn_lstm_update_cell_state_s16.c      0x00000000   Number         0  arm_nn_lstm_update_cell_state_s16.o ABSOLUTE
    arm_nn_lstm_update_output_s8_s16.c       0x00000000   Number         0  arm_nn_lstm_update_output_s8_s16.o ABSOLUTE
    arm_nn_mat_mul_core_1x_s8.c              0x00000000   Number         0  arm_nn_mat_mul_core_1x_s8.o ABSOLUTE
    arm_nn_mat_mul_core_4x_s8.c              0x00000000   Number         0  arm_nn_mat_mul_core_4x_s8.o ABSOLUTE
    arm_nn_mat_mul_kernel_s16.c              0x00000000   Number         0  arm_nn_mat_mul_kernel_s16.o ABSOLUTE
    arm_nn_mat_mult_kernel_s8_s16.c          0x00000000   Number         0  arm_nn_mat_mult_kernel_s8_s16.o ABSOLUTE
    arm_nn_mat_mult_nt_t_s8.c                0x00000000   Number         0  arm_nn_mat_mult_nt_t_s8.o ABSOLUTE
    arm_nn_mat_mult_s8.c                     0x00000000   Number         0  arm_nn_mat_mult_s8.o ABSOLUTE
    arm_nn_softmax_common_s8.c               0x00000000   Number         0  arm_nn_softmax_common_s8.o ABSOLUTE
    arm_nn_vec_mat_mul_result_acc_s8.c       0x00000000   Number         0  arm_nn_vec_mat_mul_result_acc_s8.o ABSOLUTE
    arm_nn_vec_mat_mult_t_s16.c              0x00000000   Number         0  arm_nn_vec_mat_mult_t_s16.o ABSOLUTE
    arm_nn_vec_mat_mult_t_s8.c               0x00000000   Number         0  arm_nn_vec_mat_mult_t_s8.o ABSOLUTE
    arm_nn_vec_mat_mult_t_svdf_s8.c          0x00000000   Number         0  arm_nn_vec_mat_mult_t_svdf_s8.o ABSOLUTE
    arm_nntables.c                           0x00000000   Number         0  arm_nntables.o ABSOLUTE
    arm_q7_to_q15_with_offset.c              0x00000000   Number         0  arm_q7_to_q15_with_offset.o ABSOLUTE
    arm_relu6_s8.c                           0x00000000   Number         0  arm_relu6_s8.o ABSOLUTE
    arm_relu_q15.c                           0x00000000   Number         0  arm_relu_q15.o ABSOLUTE
    arm_relu_q7.c                            0x00000000   Number         0  arm_relu_q7.o ABSOLUTE
    arm_reshape_s8.c                         0x00000000   Number         0  arm_reshape_s8.o ABSOLUTE
    arm_softmax_s16.c                        0x00000000   Number         0  arm_softmax_s16.o ABSOLUTE
    arm_softmax_s8.c                         0x00000000   Number         0  arm_softmax_s8.o ABSOLUTE
    arm_softmax_s8_s16.c                     0x00000000   Number         0  arm_softmax_s8_s16.o ABSOLUTE
    arm_softmax_u8.c                         0x00000000   Number         0  arm_softmax_u8.o ABSOLUTE
    arm_svdf_s8.c                            0x00000000   Number         0  arm_svdf_s8.o ABSOLUTE
    arm_svdf_state_s16_s8.c                  0x00000000   Number         0  arm_svdf_state_s16_s8.o ABSOLUTE
    dc.s                                     0x00000000   Number         0  dc.o ABSOLUTE
    main.c                                   0x00000000   Number         0  main.o ABSOLUTE
    misc.c                                   0x00000000   Number         0  misc.o ABSOLUTE
    stm32f10x_adc.c                          0x00000000   Number         0  stm32f10x_adc.o ABSOLUTE
    stm32f10x_gpio.c                         0x00000000   Number         0  stm32f10x_gpio.o ABSOLUTE
    stm32f10x_i2c.c                          0x00000000   Number         0  stm32f10x_i2c.o ABSOLUTE
    stm32f10x_rcc.c                          0x00000000   Number         0  stm32f10x_rcc.o ABSOLUTE
    stm32f10x_spi.c                          0x00000000   Number         0  stm32f10x_spi.o ABSOLUTE
    stm32f10x_tim.c                          0x00000000   Number         0  stm32f10x_tim.o ABSOLUTE
    stm32f10x_usart.c                        0x00000000   Number         0  stm32f10x_usart.o ABSOLUTE
    system_stm32f10x.c                       0x00000000   Number         0  system_stm32f10x.o ABSOLUTE
    RESET                                    0x08000000   Section      236  startup_stm32f10x_md.o(RESET)
    !!!main                                  0x080000ec   Section        8  __main.o(!!!main)
    !!!scatter                               0x080000f4   Section       92  __scatter.o(!!!scatter)
    !!handler_copy                           0x08000150   Section       26  __scatter_copy.o(!!handler_copy)
    !!handler_null                           0x0800016c   Section        2  __scatter.o(!!handler_null)
    !!handler_zi                             0x08000170   Section       28  __scatter_zi.o(!!handler_zi)
    .ARM.Collect$$libinit$$00000000          0x0800018c   Section        2  libinit.o(.ARM.Collect$$libinit$$00000000)
    .ARM.Collect$$libinit$$00000002          0x0800018e   Section        0  libinit2.o(.ARM.Collect$$libinit$$00000002)
    .ARM.Collect$$libinit$$00000004          0x0800018e   Section        0  libinit2.o(.ARM.Collect$$libinit$$00000004)
    .ARM.Collect$$libinit$$00000006          0x0800018e   Section        0  libinit2.o(.ARM.Collect$$libinit$$00000006)
    .ARM.Collect$$libinit$$0000000C          0x0800018e   Section        0  libinit2.o(.ARM.Collect$$libinit$$0000000C)
    .ARM.Collect$$libinit$$0000000E          0x0800018e   Section        0  libinit2.o(.ARM.Collect$$libinit$$0000000E)
    .ARM.Collect$$libinit$$00000010          0x0800018e   Section        0  libinit2.o(.ARM.Collect$$libinit$$00000010)
    .ARM.Collect$$libinit$$00000013          0x0800018e   Section        0  libinit2.o(.ARM.Collect$$libinit$$00000013)
    .ARM.Collect$$libinit$$00000015          0x0800018e   Section        0  libinit2.o(.ARM.Collect$$libinit$$00000015)
    .ARM.Collect$$libinit$$00000017          0x0800018e   Section        0  libinit2.o(.ARM.Collect$$libinit$$00000017)
    .ARM.Collect$$libinit$$00000019          0x0800018e   Section        0  libinit2.o(.ARM.Collect$$libinit$$00000019)
    .ARM.Collect$$libinit$$0000001B          0x0800018e   Section        0  libinit2.o(.ARM.Collect$$libinit$$0000001B)
    .ARM.Collect$$libinit$$0000001D          0x0800018e   Section        0  libinit2.o(.ARM.Collect$$libinit$$0000001D)
    .ARM.Collect$$libinit$$0000001F          0x0800018e   Section        0  libinit2.o(.ARM.Collect$$libinit$$0000001F)
    .ARM.Collect$$libinit$$00000021          0x0800018e   Section        0  libinit2.o(.ARM.Collect$$libinit$$00000021)
    .ARM.Collect$$libinit$$00000023          0x0800018e   Section        0  libinit2.o(.ARM.Collect$$libinit$$00000023)
    .ARM.Collect$$libinit$$00000025          0x0800018e   Section        0  libinit2.o(.ARM.Collect$$libinit$$00000025)
    .ARM.Collect$$libinit$$00000027          0x0800018e   Section        0  libinit2.o(.ARM.Collect$$libinit$$00000027)
    .ARM.Collect$$libinit$$0000002E          0x0800018e   Section        0  libinit2.o(.ARM.Collect$$libinit$$0000002E)
    .ARM.Collect$$libinit$$00000030          0x0800018e   Section        0  libinit2.o(.ARM.Collect$$libinit$$00000030)
    .ARM.Collect$$libinit$$00000032          0x0800018e   Section        0  libinit2.o(.ARM.Collect$$libinit$$00000032)
    .ARM.Collect$$libinit$$00000034          0x0800018e   Section        0  libinit2.o(.ARM.Collect$$libinit$$00000034)
    .ARM.Collect$$libinit$$00000035          0x0800018e   Section        2  libinit2.o(.ARM.Collect$$libinit$$00000035)
    .ARM.Collect$$libshutdown$$00000000      0x08000190   Section        2  libshutdown.o(.ARM.Collect$$libshutdown$$00000000)
    .ARM.Collect$$libshutdown$$00000002      0x08000192   Section        0  libshutdown2.o(.ARM.Collect$$libshutdown$$00000002)
    .ARM.Collect$$libshutdown$$00000004      0x08000192   Section        0  libshutdown2.o(.ARM.Collect$$libshutdown$$00000004)
    .ARM.Collect$$libshutdown$$00000007      0x08000192   Section        0  libshutdown2.o(.ARM.Collect$$libshutdown$$00000007)
    .ARM.Collect$$libshutdown$$0000000A      0x08000192   Section        0  libshutdown2.o(.ARM.Collect$$libshutdown$$0000000A)
    .ARM.Collect$$libshutdown$$0000000C      0x08000192   Section        0  libshutdown2.o(.ARM.Collect$$libshutdown$$0000000C)
    .ARM.Collect$$libshutdown$$0000000F      0x08000192   Section        0  libshutdown2.o(.ARM.Collect$$libshutdown$$0000000F)
    .ARM.Collect$$libshutdown$$00000010      0x08000192   Section        2  libshutdown2.o(.ARM.Collect$$libshutdown$$00000010)
    .ARM.Collect$$rtentry$$00000000          0x08000194   Section        0  __rtentry.o(.ARM.Collect$$rtentry$$00000000)
    .ARM.Collect$$rtentry$$00000002          0x08000194   Section        0  __rtentry2.o(.ARM.Collect$$rtentry$$00000002)
    .ARM.Collect$$rtentry$$00000004          0x08000194   Section        6  __rtentry4.o(.ARM.Collect$$rtentry$$00000004)
    .ARM.Collect$$rtentry$$00000009          0x0800019a   Section        0  __rtentry2.o(.ARM.Collect$$rtentry$$00000009)
    .ARM.Collect$$rtentry$$0000000A          0x0800019a   Section        4  __rtentry2.o(.ARM.Collect$$rtentry$$0000000A)
    .ARM.Collect$$rtentry$$0000000C          0x0800019e   Section        0  __rtentry2.o(.ARM.Collect$$rtentry$$0000000C)
    .ARM.Collect$$rtentry$$0000000D          0x0800019e   Section        8  __rtentry2.o(.ARM.Collect$$rtentry$$0000000D)
    .ARM.Collect$$rtexit$$00000000           0x080001a6   Section        2  rtexit.o(.ARM.Collect$$rtexit$$00000000)
    .ARM.Collect$$rtexit$$00000002           0x080001a8   Section        0  rtexit2.o(.ARM.Collect$$rtexit$$00000002)
    .ARM.Collect$$rtexit$$00000003           0x080001a8   Section        4  rtexit2.o(.ARM.Collect$$rtexit$$00000003)
    .ARM.Collect$$rtexit$$00000004           0x080001ac   Section        6  rtexit2.o(.ARM.Collect$$rtexit$$00000004)
    .text                                    0x080001b4   Section       64  startup_stm32f10x_md.o(.text)
    .text                                    0x080001f4   Section        0  heapauxi.o(.text)
    .text                                    0x080001fc   Section        8  libspace.o(.text)
    .text                                    0x08000204   Section       74  sys_stackheap_outer.o(.text)
    .text                                    0x0800024e   Section        0  exit.o(.text)
    .text                                    0x08000260   Section        0  sys_exit.o(.text)
    .text                                    0x0800026c   Section        2  use_no_semi.o(.text)
    .text                                    0x0800026e   Section        0  indicate_semi.o(.text)
    [Anonymous Symbol]                       0x08000270   Section        0  dma_stm32f10x.o(.text.DMA1_Channel1_Event)
    [Anonymous Symbol]                       0x08000278   Section        0  dma_stm32f10x.o(.text.DMA1_Channel1_IRQHandler)
    [Anonymous Symbol]                       0x080002a0   Section        0  dma_stm32f10x.o(.text.DMA1_Channel2_Event)
    [Anonymous Symbol]                       0x080002a8   Section        0  dma_stm32f10x.o(.text.DMA1_Channel2_IRQHandler)
    [Anonymous Symbol]                       0x080002d0   Section        0  dma_stm32f10x.o(.text.DMA1_Channel3_Event)
    [Anonymous Symbol]                       0x080002d8   Section        0  dma_stm32f10x.o(.text.DMA1_Channel3_IRQHandler)
    [Anonymous Symbol]                       0x08000300   Section        0  dma_stm32f10x.o(.text.DMA1_Channel4_Event)
    [Anonymous Symbol]                       0x08000308   Section        0  dma_stm32f10x.o(.text.DMA1_Channel4_IRQHandler)
    [Anonymous Symbol]                       0x08000330   Section        0  dma_stm32f10x.o(.text.DMA1_Channel5_Event)
    [Anonymous Symbol]                       0x08000338   Section        0  dma_stm32f10x.o(.text.DMA1_Channel5_IRQHandler)
    [Anonymous Symbol]                       0x08000360   Section        0  dma_stm32f10x.o(.text.DMA1_Channel6_Event)
    [Anonymous Symbol]                       0x08000368   Section        0  dma_stm32f10x.o(.text.DMA1_Channel6_IRQHandler)
    [Anonymous Symbol]                       0x08000390   Section        0  dma_stm32f10x.o(.text.DMA1_Channel7_Event)
    [Anonymous Symbol]                       0x08000398   Section        0  dma_stm32f10x.o(.text.DMA1_Channel7_IRQHandler)
    [Anonymous Symbol]                       0x080003c0   Section        0  main.o(.text.DelayInit)
    [Anonymous Symbol]                       0x080003e4   Section        0  main.o(.text.DelayMs)
    [Anonymous Symbol]                       0x08000404   Section        0  main.o(.text.DelayUs)
    [Anonymous Symbol]                       0x0800042c   Section        0  main.o(.text.Delay_ms_1)
    [Anonymous Symbol]                       0x08000480   Section        0  stm32f10x_gpio.o(.text.GPIO_Init)
    [Anonymous Symbol]                       0x08000608   Section        0  main.o(.text.GPIO_LCD_Config)
    [Anonymous Symbol]                       0x08000670   Section        0  stm32f10x_gpio.o(.text.GPIO_ReadInputDataBit)
    [Anonymous Symbol]                       0x080006a4   Section        0  stm32f10x_gpio.o(.text.GPIO_ResetBits)
    [Anonymous Symbol]                       0x080006b8   Section        0  stm32f10x_gpio.o(.text.GPIO_SetBits)
    [Anonymous Symbol]                       0x080006cc   Section        0  stm32f10x_gpio.o(.text.GPIO_WriteBit)
    [Anonymous Symbol]                       0x080006f8   Section        0  main.o(.text.Input)
    [Anonymous Symbol]                       0x08000734   Section        0  main.o(.text.LCD_Enable)
    [Anonymous Symbol]                       0x08000768   Section        0  main.o(.text.LCD_Gotoxy)
    [Anonymous Symbol]                       0x080007ac   Section        0  main.o(.text.LCD_Init)
    [Anonymous Symbol]                       0x08000808   Section        0  main.o(.text.LCD_PutChar)
    [Anonymous Symbol]                       0x08000838   Section        0  main.o(.text.LCD_Puts)
    [Anonymous Symbol]                       0x0800085c   Section        0  main.o(.text.LCD_Send4Bit)
    [Anonymous Symbol]                       0x080008b0   Section        0  main.o(.text.LCD_SendCommand)
    [Anonymous Symbol]                       0x080008d8   Section        0  main.o(.text.Led_Init)
    [Anonymous Symbol]                       0x08000918   Section        0  stm32f10x_rcc.o(.text.RCC_APB2PeriphClockCmd)
    [Anonymous Symbol]                       0x08000950   Section        0  stm32f10x_rcc.o(.text.RCC_GetClocksFreq)
    [Anonymous Symbol]                       0x08000ac4   Section        0  main.o(.text.Relay_Init)
    SetSysClock                              0x08000b01   Thumb Code     8  system_stm32f10x.o(.text.SetSysClock)
    [Anonymous Symbol]                       0x08000b00   Section        0  system_stm32f10x.o(.text.SetSysClock)
    SetSysClockTo72                          0x08000b09   Thumb Code   290  system_stm32f10x.o(.text.SetSysClockTo72)
    [Anonymous Symbol]                       0x08000b08   Section        0  system_stm32f10x.o(.text.SetSysClockTo72)
    SysTick_Config                           0x08000c2d   Thumb Code    82  main.o(.text.SysTick_Config)
    [Anonymous Symbol]                       0x08000c2c   Section        0  main.o(.text.SysTick_Config)
    [Anonymous Symbol]                       0x08000c80   Section        0  main.o(.text.SysTick_Handler)
    [Anonymous Symbol]                       0x08000ca0   Section        0  system_stm32f10x.o(.text.SystemCoreClockUpdate)
    [Anonymous Symbol]                       0x08000dc4   Section        0  system_stm32f10x.o(.text.SystemInit)
    [Anonymous Symbol]                       0x08000e2c   Section        0  stm32f10x_usart.o(.text.USART_Cmd)
    [Anonymous Symbol]                       0x08000e58   Section        0  stm32f10x_usart.o(.text.USART_GetFlagStatus)
    [Anonymous Symbol]                       0x08000e9c   Section        0  stm32f10x_usart.o(.text.USART_Init)
    [Anonymous Symbol]                       0x08000ff8   Section        0  stm32f10x_usart.o(.text.USART_SendData)
    __NVIC_SetPriority                       0x08001011   Thumb Code    66  main.o(.text.__NVIC_SetPriority)
    [Anonymous Symbol]                       0x08001010   Section        0  main.o(.text.__NVIC_SetPriority)
    [Anonymous Symbol]                       0x08001054   Section        0  main.o(.text.main)
    [Anonymous Symbol]                       0x080013b8   Section        0  main.o(.text.uart_Init)
    [Anonymous Symbol]                       0x08001450   Section        0  main.o(.text.uart_SendChar)
    [Anonymous Symbol]                       0x08001484   Section        0  main.o(.text.uart_SendStr)
    ADCPrescTable                            0x080014a6   Data           4  stm32f10x_rcc.o(.rodata.ADCPrescTable)
    [Anonymous Symbol]                       0x080014a6   Section        0  stm32f10x_rcc.o(.rodata.ADCPrescTable)
    APBAHBPrescTable                         0x080014ba   Data          16  stm32f10x_rcc.o(.rodata.APBAHBPrescTable)
    [Anonymous Symbol]                       0x080014ba   Section        0  stm32f10x_rcc.o(.rodata.APBAHBPrescTable)
    .L.str.6                                 0x080014ca   Data           3  main.o(.rodata.str1.1)
    [Anonymous Symbol]                       0x080014ca   Section        0  main.o(.rodata.str1.1)
    .L.str                                   0x080014cd   Data           3  main.o(.rodata.str1.1)
    .L.str.3                                 0x080014d0   Data           3  main.o(.rodata.str1.1)
    .L.str.5                                 0x080014d3   Data           3  main.o(.rodata.str1.1)
    .L.str.7                                 0x080014d6   Data          12  main.o(.rodata.str1.1)
    .L.str.2                                 0x080014e2   Data          15  main.o(.rodata.str1.1)
    .L.str.8                                 0x080014f1   Data          12  main.o(.rodata.str1.1)
    .L.str.4                                 0x080014fd   Data          13  main.o(.rodata.str1.1)
    .L.str.1                                 0x0800150a   Data           8  main.o(.rodata.str1.1)
    .bss                                     0x20000008   Section       96  libspace.o(.bss)
    usTicks                                  0x20000068   Data           4  main.o(.bss.usTicks)
    [Anonymous Symbol]                       0x20000068   Section        0  main.o(.bss.usTicks)
    Heap_Mem                                 0x20000070   Data         512  startup_stm32f10x_md.o(HEAP)
    HEAP                                     0x20000070   Section      512  startup_stm32f10x_md.o(HEAP)
    Stack_Mem                                0x20000270   Data        1024  startup_stm32f10x_md.o(STACK)
    STACK                                    0x20000270   Section     1024  startup_stm32f10x_md.o(STACK)
    __initial_sp                             0x20000670   Data           0  startup_stm32f10x_md.o(STACK)

    Global Symbols

    Symbol Name                              Value     Ov Type        Size  Object(Section)

    BuildAttributes$$THM_ISAv4$P$D$K$B$S$PE$A:L22UL41UL21$X:L11$S22US41US21$IEEE1$IW$~IW$USESV6$~STKCKD$USESV7$~SHL$OTIME$ROPI$IEEEX$EBA8$UX$STANDARDLIB$REQ8$PRES8$EABIv2 0x00000000   Number         0  anon$$obj.o ABSOLUTE
    __fp_init_empty                          0x00000000   Number         0  fpinit_empty.o ABSOLUTE
    __ARM_exceptions_init                     - Undefined Weak Reference
    __alloca_initialize                       - Undefined Weak Reference
    __arm_preinit_                            - Undefined Weak Reference
    __arm_relocate_pie_                       - Undefined Weak Reference
    __cpp_initialize__aeabi_                  - Undefined Weak Reference
    __cxa_finalize                            - Undefined Weak Reference
    __rt_locale                               - Undefined Weak Reference
    __sigvec_lookup                           - Undefined Weak Reference
    _atexit_init                              - Undefined Weak Reference
    _call_atexit_fns                          - Undefined Weak Reference
    _clock_init                               - Undefined Weak Reference
    _fp_trap_init                             - Undefined Weak Reference
    _fp_trap_shutdown                         - Undefined Weak Reference
    _get_lc_collate                           - Undefined Weak Reference
    _get_lc_ctype                             - Undefined Weak Reference
    _get_lc_monetary                          - Undefined Weak Reference
    _get_lc_numeric                           - Undefined Weak Reference
    _get_lc_time                              - Undefined Weak Reference
    _getenv_init                              - Undefined Weak Reference
    _handle_redirection                       - Undefined Weak Reference
    _init_alloc                               - Undefined Weak Reference
    _init_user_alloc                          - Undefined Weak Reference
    _initio                                   - Undefined Weak Reference
    _rand_init                                - Undefined Weak Reference
    _signal_finish                            - Undefined Weak Reference
    _signal_init                              - Undefined Weak Reference
    _terminate_alloc                          - Undefined Weak Reference
    _terminate_user_alloc                     - Undefined Weak Reference
    _terminateio                              - Undefined Weak Reference
    __Vectors_Size                           0x000000ec   Number         0  startup_stm32f10x_md.o ABSOLUTE
    __Vectors                                0x08000000   Data           4  startup_stm32f10x_md.o(RESET)
    __Vectors_End                            0x080000ec   Data           0  startup_stm32f10x_md.o(RESET)
    __main                                   0x080000ed   Thumb Code     8  __main.o(!!!main)
    __scatterload                            0x080000f5   Thumb Code     0  __scatter.o(!!!scatter)
    __scatterload_rt2                        0x080000f5   Thumb Code    84  __scatter.o(!!!scatter)
    __scatterload_rt2_thumb_only             0x080000f5   Thumb Code     0  __scatter.o(!!!scatter)
    __scatterload_loop                       0x080000ff   Thumb Code     0  __scatter.o(!!!scatter)
    __scatterload_copy                       0x08000151   Thumb Code    26  __scatter_copy.o(!!handler_copy)
    __scatterload_null                       0x0800016d   Thumb Code     2  __scatter.o(!!handler_null)
    __scatterload_zeroinit                   0x08000171   Thumb Code    28  __scatter_zi.o(!!handler_zi)
    __rt_lib_init                            0x0800018d   Thumb Code     0  libinit.o(.ARM.Collect$$libinit$$00000000)
    __rt_lib_init_alloca_1                   0x0800018f   Thumb Code     0  libinit2.o(.ARM.Collect$$libinit$$00000030)
    __rt_lib_init_argv_1                     0x0800018f   Thumb Code     0  libinit2.o(.ARM.Collect$$libinit$$0000002E)
    __rt_lib_init_atexit_1                   0x0800018f   Thumb Code     0  libinit2.o(.ARM.Collect$$libinit$$0000001D)
    __rt_lib_init_clock_1                    0x0800018f   Thumb Code     0  libinit2.o(.ARM.Collect$$libinit$$00000023)
    __rt_lib_init_cpp_1                      0x0800018f   Thumb Code     0  libinit2.o(.ARM.Collect$$libinit$$00000034)
    __rt_lib_init_exceptions_1               0x0800018f   Thumb Code     0  libinit2.o(.ARM.Collect$$libinit$$00000032)
    __rt_lib_init_fp_1                       0x0800018f   Thumb Code     0  libinit2.o(.ARM.Collect$$libinit$$00000002)
    __rt_lib_init_fp_trap_1                  0x0800018f   Thumb Code     0  libinit2.o(.ARM.Collect$$libinit$$00000021)
    __rt_lib_init_getenv_1                   0x0800018f   Thumb Code     0  libinit2.o(.ARM.Collect$$libinit$$00000025)
    __rt_lib_init_heap_1                     0x0800018f   Thumb Code     0  libinit2.o(.ARM.Collect$$libinit$$0000000C)
    __rt_lib_init_lc_collate_1               0x0800018f   Thumb Code     0  libinit2.o(.ARM.Collect$$libinit$$00000013)
    __rt_lib_init_lc_ctype_1                 0x0800018f   Thumb Code     0  libinit2.o(.ARM.Collect$$libinit$$00000015)
    __rt_lib_init_lc_monetary_1              0x0800018f   Thumb Code     0  libinit2.o(.ARM.Collect$$libinit$$00000017)
    __rt_lib_init_lc_numeric_1               0x0800018f   Thumb Code     0  libinit2.o(.ARM.Collect$$libinit$$00000019)
    __rt_lib_init_lc_time_1                  0x0800018f   Thumb Code     0  libinit2.o(.ARM.Collect$$libinit$$0000001B)
    __rt_lib_init_preinit_1                  0x0800018f   Thumb Code     0  libinit2.o(.ARM.Collect$$libinit$$00000006)
    __rt_lib_init_rand_1                     0x0800018f   Thumb Code     0  libinit2.o(.ARM.Collect$$libinit$$00000010)
    __rt_lib_init_relocate_pie_1             0x0800018f   Thumb Code     0  libinit2.o(.ARM.Collect$$libinit$$00000004)
    __rt_lib_init_return                     0x0800018f   Thumb Code     0  libinit2.o(.ARM.Collect$$libinit$$00000035)
    __rt_lib_init_signal_1                   0x0800018f   Thumb Code     0  libinit2.o(.ARM.Collect$$libinit$$0000001F)
    __rt_lib_init_stdio_1                    0x0800018f   Thumb Code     0  libinit2.o(.ARM.Collect$$libinit$$00000027)
    __rt_lib_init_user_alloc_1               0x0800018f   Thumb Code     0  libinit2.o(.ARM.Collect$$libinit$$0000000E)
    __rt_lib_shutdown                        0x08000191   Thumb Code     0  libshutdown.o(.ARM.Collect$$libshutdown$$00000000)
    __rt_lib_shutdown_cpp_1                  0x08000193   Thumb Code     0  libshutdown2.o(.ARM.Collect$$libshutdown$$00000002)
    __rt_lib_shutdown_fp_trap_1              0x08000193   Thumb Code     0  libshutdown2.o(.ARM.Collect$$libshutdown$$00000007)
    __rt_lib_shutdown_heap_1                 0x08000193   Thumb Code     0  libshutdown2.o(.ARM.Collect$$libshutdown$$0000000F)
    __rt_lib_shutdown_return                 0x08000193   Thumb Code     0  libshutdown2.o(.ARM.Collect$$libshutdown$$00000010)
    __rt_lib_shutdown_signal_1               0x08000193   Thumb Code     0  libshutdown2.o(.ARM.Collect$$libshutdown$$0000000A)
    __rt_lib_shutdown_stdio_1                0x08000193   Thumb Code     0  libshutdown2.o(.ARM.Collect$$libshutdown$$00000004)
    __rt_lib_shutdown_user_alloc_1           0x08000193   Thumb Code     0  libshutdown2.o(.ARM.Collect$$libshutdown$$0000000C)
    __rt_entry                               0x08000195   Thumb Code     0  __rtentry.o(.ARM.Collect$$rtentry$$00000000)
    __rt_entry_presh_1                       0x08000195   Thumb Code     0  __rtentry2.o(.ARM.Collect$$rtentry$$00000002)
    __rt_entry_sh                            0x08000195   Thumb Code     0  __rtentry4.o(.ARM.Collect$$rtentry$$00000004)
    __rt_entry_li                            0x0800019b   Thumb Code     0  __rtentry2.o(.ARM.Collect$$rtentry$$0000000A)
    __rt_entry_postsh_1                      0x0800019b   Thumb Code     0  __rtentry2.o(.ARM.Collect$$rtentry$$00000009)
    __rt_entry_main                          0x0800019f   Thumb Code     0  __rtentry2.o(.ARM.Collect$$rtentry$$0000000D)
    __rt_entry_postli_1                      0x0800019f   Thumb Code     0  __rtentry2.o(.ARM.Collect$$rtentry$$0000000C)
    __rt_exit                                0x080001a7   Thumb Code     0  rtexit.o(.ARM.Collect$$rtexit$$00000000)
    __rt_exit_ls                             0x080001a9   Thumb Code     0  rtexit2.o(.ARM.Collect$$rtexit$$00000003)
    __rt_exit_prels_1                        0x080001a9   Thumb Code     0  rtexit2.o(.ARM.Collect$$rtexit$$00000002)
    __rt_exit_exit                           0x080001ad   Thumb Code     0  rtexit2.o(.ARM.Collect$$rtexit$$00000004)
    Reset_Handler                            0x080001b5   Thumb Code     8  startup_stm32f10x_md.o(.text)
    NMI_Handler                              0x080001bd   Thumb Code     2  startup_stm32f10x_md.o(.text)
    HardFault_Handler                        0x080001bf   Thumb Code     2  startup_stm32f10x_md.o(.text)
    MemManage_Handler                        0x080001c1   Thumb Code     2  startup_stm32f10x_md.o(.text)
    BusFault_Handler                         0x080001c3   Thumb Code     2  startup_stm32f10x_md.o(.text)
    UsageFault_Handler                       0x080001c5   Thumb Code     2  startup_stm32f10x_md.o(.text)
    SVC_Handler                              0x080001c7   Thumb Code     2  startup_stm32f10x_md.o(.text)
    DebugMon_Handler                         0x080001c9   Thumb Code     2  startup_stm32f10x_md.o(.text)
    PendSV_Handler                           0x080001cb   Thumb Code     2  startup_stm32f10x_md.o(.text)
    ADC1_2_IRQHandler                        0x080001cf   Thumb Code     0  startup_stm32f10x_md.o(.text)
    CAN1_RX1_IRQHandler                      0x080001cf   Thumb Code     0  startup_stm32f10x_md.o(.text)
    CAN1_SCE_IRQHandler                      0x080001cf   Thumb Code     0  startup_stm32f10x_md.o(.text)
    EXTI0_IRQHandler                         0x080001cf   Thumb Code     0  startup_stm32f10x_md.o(.text)
    EXTI15_10_IRQHandler                     0x080001cf   Thumb Code     0  startup_stm32f10x_md.o(.text)
    EXTI1_IRQHandler                         0x080001cf   Thumb Code     0  startup_stm32f10x_md.o(.text)
    EXTI2_IRQHandler                         0x080001cf   Thumb Code     0  startup_stm32f10x_md.o(.text)
    EXTI3_IRQHandler                         0x080001cf   Thumb Code     0  startup_stm32f10x_md.o(.text)
    EXTI4_IRQHandler                         0x080001cf   Thumb Code     0  startup_stm32f10x_md.o(.text)
    EXTI9_5_IRQHandler                       0x080001cf   Thumb Code     0  startup_stm32f10x_md.o(.text)
    FLASH_IRQHandler                         0x080001cf   Thumb Code     0  startup_stm32f10x_md.o(.text)
    I2C1_ER_IRQHandler                       0x080001cf   Thumb Code     0  startup_stm32f10x_md.o(.text)
    I2C1_EV_IRQHandler                       0x080001cf   Thumb Code     0  startup_stm32f10x_md.o(.text)
    I2C2_ER_IRQHandler                       0x080001cf   Thumb Code     0  startup_stm32f10x_md.o(.text)
    I2C2_EV_IRQHandler                       0x080001cf   Thumb Code     0  startup_stm32f10x_md.o(.text)
    PVD_IRQHandler                           0x080001cf   Thumb Code     0  startup_stm32f10x_md.o(.text)
    RCC_IRQHandler                           0x080001cf   Thumb Code     0  startup_stm32f10x_md.o(.text)
    RTCAlarm_IRQHandler                      0x080001cf   Thumb Code     0  startup_stm32f10x_md.o(.text)
    RTC_IRQHandler                           0x080001cf   Thumb Code     0  startup_stm32f10x_md.o(.text)
    SPI1_IRQHandler                          0x080001cf   Thumb Code     0  startup_stm32f10x_md.o(.text)
    SPI2_IRQHandler                          0x080001cf   Thumb Code     0  startup_stm32f10x_md.o(.text)
    TAMPER_IRQHandler                        0x080001cf   Thumb Code     0  startup_stm32f10x_md.o(.text)
    TIM1_BRK_IRQHandler                      0x080001cf   Thumb Code     0  startup_stm32f10x_md.o(.text)
    TIM1_CC_IRQHandler                       0x080001cf   Thumb Code     0  startup_stm32f10x_md.o(.text)
    TIM1_TRG_COM_IRQHandler                  0x080001cf   Thumb Code     0  startup_stm32f10x_md.o(.text)
    TIM1_UP_IRQHandler                       0x080001cf   Thumb Code     0  startup_stm32f10x_md.o(.text)
    TIM2_IRQHandler                          0x080001cf   Thumb Code     0  startup_stm32f10x_md.o(.text)
    TIM3_IRQHandler                          0x080001cf   Thumb Code     0  startup_stm32f10x_md.o(.text)
    TIM4_IRQHandler                          0x080001cf   Thumb Code     0  startup_stm32f10x_md.o(.text)
    USART1_IRQHandler                        0x080001cf   Thumb Code     0  startup_stm32f10x_md.o(.text)
    USART2_IRQHandler                        0x080001cf   Thumb Code     0  startup_stm32f10x_md.o(.text)
    USART3_IRQHandler                        0x080001cf   Thumb Code     0  startup_stm32f10x_md.o(.text)
    USBWakeUp_IRQHandler                     0x080001cf   Thumb Code     0  startup_stm32f10x_md.o(.text)
    USB_HP_CAN1_TX_IRQHandler                0x080001cf   Thumb Code     0  startup_stm32f10x_md.o(.text)
    USB_LP_CAN1_RX0_IRQHandler               0x080001cf   Thumb Code     0  startup_stm32f10x_md.o(.text)
    WWDG_IRQHandler                          0x080001cf   Thumb Code     0  startup_stm32f10x_md.o(.text)
    __user_initial_stackheap                 0x080001d1   Thumb Code     0  startup_stm32f10x_md.o(.text)
    __use_two_region_memory                  0x080001f5   Thumb Code     2  heapauxi.o(.text)
    __rt_heap_escrow$2region                 0x080001f7   Thumb Code     2  heapauxi.o(.text)
    __rt_heap_expand$2region                 0x080001f9   Thumb Code     2  heapauxi.o(.text)
    __user_libspace                          0x080001fd   Thumb Code     8  libspace.o(.text)
    __user_perproc_libspace                  0x080001fd   Thumb Code     0  libspace.o(.text)
    __user_perthread_libspace                0x080001fd   Thumb Code     0  libspace.o(.text)
    __user_setup_stackheap                   0x08000205   Thumb Code    74  sys_stackheap_outer.o(.text)
    exit                                     0x0800024f   Thumb Code    18  exit.o(.text)
    _sys_exit                                0x08000261   Thumb Code     8  sys_exit.o(.text)
    __I$use$semihosting                      0x0800026d   Thumb Code     0  use_no_semi.o(.text)
    __use_no_semihosting_swi                 0x0800026d   Thumb Code     2  use_no_semi.o(.text)
    __semihosting_library_function           0x0800026f   Thumb Code     0  indicate_semi.o(.text)
    DMA1_Channel1_Event                      0x08000271   Thumb Code     8  dma_stm32f10x.o(.text.DMA1_Channel1_Event)
    DMA1_Channel1_IRQHandler                 0x08000279   Thumb Code    38  dma_stm32f10x.o(.text.DMA1_Channel1_IRQHandler)
    DMA1_Channel2_Event                      0x080002a1   Thumb Code     8  dma_stm32f10x.o(.text.DMA1_Channel2_Event)
    DMA1_Channel2_IRQHandler                 0x080002a9   Thumb Code    40  dma_stm32f10x.o(.text.DMA1_Channel2_IRQHandler)
    DMA1_Channel3_Event                      0x080002d1   Thumb Code     8  dma_stm32f10x.o(.text.DMA1_Channel3_Event)
    DMA1_Channel3_IRQHandler                 0x080002d9   Thumb Code    40  dma_stm32f10x.o(.text.DMA1_Channel3_IRQHandler)
    DMA1_Channel4_Event                      0x08000301   Thumb Code     8  dma_stm32f10x.o(.text.DMA1_Channel4_Event)
    DMA1_Channel4_IRQHandler                 0x08000309   Thumb Code    40  dma_stm32f10x.o(.text.DMA1_Channel4_IRQHandler)
    DMA1_Channel5_Event                      0x08000331   Thumb Code     8  dma_stm32f10x.o(.text.DMA1_Channel5_Event)
    DMA1_Channel5_IRQHandler                 0x08000339   Thumb Code    40  dma_stm32f10x.o(.text.DMA1_Channel5_IRQHandler)
    DMA1_Channel6_Event                      0x08000361   Thumb Code     8  dma_stm32f10x.o(.text.DMA1_Channel6_Event)
    DMA1_Channel6_IRQHandler                 0x08000369   Thumb Code    40  dma_stm32f10x.o(.text.DMA1_Channel6_IRQHandler)
    DMA1_Channel7_Event                      0x08000391   Thumb Code     8  dma_stm32f10x.o(.text.DMA1_Channel7_Event)
    DMA1_Channel7_IRQHandler                 0x08000399   Thumb Code    40  dma_stm32f10x.o(.text.DMA1_Channel7_IRQHandler)
    DelayInit                                0x080003c1   Thumb Code    36  main.o(.text.DelayInit)
    DelayMs                                  0x080003e5   Thumb Code    32  main.o(.text.DelayMs)
    DelayUs                                  0x08000405   Thumb Code    38  main.o(.text.DelayUs)
    Delay_ms_1                               0x0800042d   Thumb Code    82  main.o(.text.Delay_ms_1)
    GPIO_Init                                0x08000481   Thumb Code   390  stm32f10x_gpio.o(.text.GPIO_Init)
    GPIO_LCD_Config                          0x08000609   Thumb Code   102  main.o(.text.GPIO_LCD_Config)
    GPIO_ReadInputDataBit                    0x08000671   Thumb Code    52  stm32f10x_gpio.o(.text.GPIO_ReadInputDataBit)
    GPIO_ResetBits                           0x080006a5   Thumb Code    20  stm32f10x_gpio.o(.text.GPIO_ResetBits)
    GPIO_SetBits                             0x080006b9   Thumb Code    20  stm32f10x_gpio.o(.text.GPIO_SetBits)
    GPIO_WriteBit                            0x080006cd   Thumb Code    44  stm32f10x_gpio.o(.text.GPIO_WriteBit)
    Input                                    0x080006f9   Thumb Code    58  main.o(.text.Input)
    LCD_Enable                               0x08000735   Thumb Code    50  main.o(.text.LCD_Enable)
    LCD_Gotoxy                               0x08000769   Thumb Code    68  main.o(.text.LCD_Gotoxy)
    LCD_Init                                 0x080007ad   Thumb Code    90  main.o(.text.LCD_Init)
    LCD_PutChar                              0x08000809   Thumb Code    48  main.o(.text.LCD_PutChar)
    LCD_Puts                                 0x08000839   Thumb Code    36  main.o(.text.LCD_Puts)
    LCD_Send4Bit                             0x0800085d   Thumb Code    84  main.o(.text.LCD_Send4Bit)
    LCD_SendCommand                          0x080008b1   Thumb Code    38  main.o(.text.LCD_SendCommand)
    Led_Init                                 0x080008d9   Thumb Code    62  main.o(.text.Led_Init)
    RCC_APB2PeriphClockCmd                   0x08000919   Thumb Code    56  stm32f10x_rcc.o(.text.RCC_APB2PeriphClockCmd)
    RCC_GetClocksFreq                        0x08000951   Thumb Code   370  stm32f10x_rcc.o(.text.RCC_GetClocksFreq)
    Relay_Init                               0x08000ac5   Thumb Code    58  main.o(.text.Relay_Init)
    SysTick_Handler                          0x08000c81   Thumb Code    32  main.o(.text.SysTick_Handler)
    SystemCoreClockUpdate                    0x08000ca1   Thumb Code   290  system_stm32f10x.o(.text.SystemCoreClockUpdate)
    SystemInit                               0x08000dc5   Thumb Code   102  system_stm32f10x.o(.text.SystemInit)
    USART_Cmd                                0x08000e2d   Thumb Code    44  stm32f10x_usart.o(.text.USART_Cmd)
    USART_GetFlagStatus                      0x08000e59   Thumb Code    68  stm32f10x_usart.o(.text.USART_GetFlagStatus)
    USART_Init                               0x08000e9d   Thumb Code   348  stm32f10x_usart.o(.text.USART_Init)
    USART_SendData                           0x08000ff9   Thumb Code    24  stm32f10x_usart.o(.text.USART_SendData)
    main                                     0x08001055   Thumb Code   866  main.o(.text.main)
    uart_Init                                0x080013b9   Thumb Code   152  main.o(.text.uart_Init)
    uart_SendChar                            0x08001451   Thumb Code    50  main.o(.text.uart_SendChar)
    uart_SendStr                             0x08001485   Thumb Code    34  main.o(.text.uart_SendStr)
    AHBPrescTable                            0x080014aa   Data          16  system_stm32f10x.o(.rodata.AHBPrescTable)
    Region$$Table$$Base                      0x08001514   Number         0  anon$$obj.o(Region$$Table)
    Region$$Table$$Limit                     0x08001534   Number         0  anon$$obj.o(Region$$Table)
    SystemCoreClock                          0x20000000   Data           4  system_stm32f10x.o(.data.SystemCoreClock)
    __libspace_start                         0x20000008   Data          96  libspace.o(.bss)
    __temporary_stack_top$libspace           0x20000068   Data           0  libspace.o(.bss)



==============================================================================

Memory Map of the image

  Image Entry point : 0x080001b5

  Load Region LR_1 (Base: 0x08000000, Size: 0x00001538, Max: 0xffffffff, ABSOLUTE)

    Execution Region ER_RO (Exec base: 0x08000000, Load base: 0x08000000, Size: 0x00001534, Max: 0xffffffff, ABSOLUTE)

    Exec Addr    Load Addr    Size         Type   Attr      Idx    E Section Name        Object

    0x08000000   0x08000000   0x000000ec   Data   RO         3316    RESET               startup_stm32f10x_md.o
    0x080000ec   0x080000ec   0x00000008   Code   RO         3360  * !!!main             c_w.l(__main.o)
    0x080000f4   0x080000f4   0x0000005c   Code   RO         3733    !!!scatter          c_w.l(__scatter.o)
    0x08000150   0x08000150   0x0000001a   Code   RO         3737    !!handler_copy      c_w.l(__scatter_copy.o)
    0x0800016a   0x0800016a   0x00000002   PAD
    0x0800016c   0x0800016c   0x00000002   Code   RO         3734    !!handler_null      c_w.l(__scatter.o)
    0x0800016e   0x0800016e   0x00000002   PAD
    0x08000170   0x08000170   0x0000001c   Code   RO         3739    !!handler_zi        c_w.l(__scatter_zi.o)
    0x0800018c   0x0800018c   0x00000002   Code   RO         3594    .ARM.Collect$$libinit$$00000000  c_w.l(libinit.o)
    0x0800018e   0x0800018e   0x00000000   Code   RO         3606    .ARM.Collect$$libinit$$00000002  c_w.l(libinit2.o)
    0x0800018e   0x0800018e   0x00000000   Code   RO         3608    .ARM.Collect$$libinit$$00000004  c_w.l(libinit2.o)
    0x0800018e   0x0800018e   0x00000000   Code   RO         3610    .ARM.Collect$$libinit$$00000006  c_w.l(libinit2.o)
    0x0800018e   0x0800018e   0x00000000   Code   RO         3613    .ARM.Collect$$libinit$$0000000C  c_w.l(libinit2.o)
    0x0800018e   0x0800018e   0x00000000   Code   RO         3615    .ARM.Collect$$libinit$$0000000E  c_w.l(libinit2.o)
    0x0800018e   0x0800018e   0x00000000   Code   RO         3617    .ARM.Collect$$libinit$$00000010  c_w.l(libinit2.o)
    0x0800018e   0x0800018e   0x00000000   Code   RO         3620    .ARM.Collect$$libinit$$00000013  c_w.l(libinit2.o)
    0x0800018e   0x0800018e   0x00000000   Code   RO         3622    .ARM.Collect$$libinit$$00000015  c_w.l(libinit2.o)
    0x0800018e   0x0800018e   0x00000000   Code   RO         3624    .ARM.Collect$$libinit$$00000017  c_w.l(libinit2.o)
    0x0800018e   0x0800018e   0x00000000   Code   RO         3626    .ARM.Collect$$libinit$$00000019  c_w.l(libinit2.o)
    0x0800018e   0x0800018e   0x00000000   Code   RO         3628    .ARM.Collect$$libinit$$0000001B  c_w.l(libinit2.o)
    0x0800018e   0x0800018e   0x00000000   Code   RO         3630    .ARM.Collect$$libinit$$0000001D  c_w.l(libinit2.o)
    0x0800018e   0x0800018e   0x00000000   Code   RO         3632    .ARM.Collect$$libinit$$0000001F  c_w.l(libinit2.o)
    0x0800018e   0x0800018e   0x00000000   Code   RO         3634    .ARM.Collect$$libinit$$00000021  c_w.l(libinit2.o)
    0x0800018e   0x0800018e   0x00000000   Code   RO         3636    .ARM.Collect$$libinit$$00000023  c_w.l(libinit2.o)
    0x0800018e   0x0800018e   0x00000000   Code   RO         3638    .ARM.Collect$$libinit$$00000025  c_w.l(libinit2.o)
    0x0800018e   0x0800018e   0x00000000   Code   RO         3640    .ARM.Collect$$libinit$$00000027  c_w.l(libinit2.o)
    0x0800018e   0x0800018e   0x00000000   Code   RO         3644    .ARM.Collect$$libinit$$0000002E  c_w.l(libinit2.o)
    0x0800018e   0x0800018e   0x00000000   Code   RO         3646    .ARM.Collect$$libinit$$00000030  c_w.l(libinit2.o)
    0x0800018e   0x0800018e   0x00000000   Code   RO         3648    .ARM.Collect$$libinit$$00000032  c_w.l(libinit2.o)
    0x0800018e   0x0800018e   0x00000000   Code   RO         3650    .ARM.Collect$$libinit$$00000034  c_w.l(libinit2.o)
    0x0800018e   0x0800018e   0x00000002   Code   RO         3651    .ARM.Collect$$libinit$$00000035  c_w.l(libinit2.o)
    0x08000190   0x08000190   0x00000002   Code   RO         3688    .ARM.Collect$$libshutdown$$00000000  c_w.l(libshutdown.o)
    0x08000192   0x08000192   0x00000000   Code   RO         3716    .ARM.Collect$$libshutdown$$00000002  c_w.l(libshutdown2.o)
    0x08000192   0x08000192   0x00000000   Code   RO         3718    .ARM.Collect$$libshutdown$$00000004  c_w.l(libshutdown2.o)
    0x08000192   0x08000192   0x00000000   Code   RO         3721    .ARM.Collect$$libshutdown$$00000007  c_w.l(libshutdown2.o)
    0x08000192   0x08000192   0x00000000   Code   RO         3724    .ARM.Collect$$libshutdown$$0000000A  c_w.l(libshutdown2.o)
    0x08000192   0x08000192   0x00000000   Code   RO         3726    .ARM.Collect$$libshutdown$$0000000C  c_w.l(libshutdown2.o)
    0x08000192   0x08000192   0x00000000   Code   RO         3729    .ARM.Collect$$libshutdown$$0000000F  c_w.l(libshutdown2.o)
    0x08000192   0x08000192   0x00000002   Code   RO         3730    .ARM.Collect$$libshutdown$$00000010  c_w.l(libshutdown2.o)
    0x08000194   0x08000194   0x00000000   Code   RO         3469    .ARM.Collect$$rtentry$$00000000  c_w.l(__rtentry.o)
    0x08000194   0x08000194   0x00000000   Code   RO         3549    .ARM.Collect$$rtentry$$00000002  c_w.l(__rtentry2.o)
    0x08000194   0x08000194   0x00000006   Code   RO         3561    .ARM.Collect$$rtentry$$00000004  c_w.l(__rtentry4.o)
    0x0800019a   0x0800019a   0x00000000   Code   RO         3551    .ARM.Collect$$rtentry$$00000009  c_w.l(__rtentry2.o)
    0x0800019a   0x0800019a   0x00000004   Code   RO         3552    .ARM.Collect$$rtentry$$0000000A  c_w.l(__rtentry2.o)
    0x0800019e   0x0800019e   0x00000000   Code   RO         3554    .ARM.Collect$$rtentry$$0000000C  c_w.l(__rtentry2.o)
    0x0800019e   0x0800019e   0x00000008   Code   RO         3555    .ARM.Collect$$rtentry$$0000000D  c_w.l(__rtentry2.o)
    0x080001a6   0x080001a6   0x00000002   Code   RO         3597    .ARM.Collect$$rtexit$$00000000  c_w.l(rtexit.o)
    0x080001a8   0x080001a8   0x00000000   Code   RO         3659    .ARM.Collect$$rtexit$$00000002  c_w.l(rtexit2.o)
    0x080001a8   0x080001a8   0x00000004   Code   RO         3660    .ARM.Collect$$rtexit$$00000003  c_w.l(rtexit2.o)
    0x080001ac   0x080001ac   0x00000006   Code   RO         3661    .ARM.Collect$$rtexit$$00000004  c_w.l(rtexit2.o)
    0x080001b2   0x080001b2   0x00000002   PAD
    0x080001b4   0x080001b4   0x00000040   Code   RO         3317  * .text               startup_stm32f10x_md.o
    0x080001f4   0x080001f4   0x00000006   Code   RO         3358    .text               c_w.l(heapauxi.o)
    0x080001fa   0x080001fa   0x00000002   PAD
    0x080001fc   0x080001fc   0x00000008   Code   RO         3578    .text               c_w.l(libspace.o)
    0x08000204   0x08000204   0x0000004a   Code   RO         3581    .text               c_w.l(sys_stackheap_outer.o)
    0x0800024e   0x0800024e   0x00000012   Code   RO         3583    .text               c_w.l(exit.o)
    0x08000260   0x08000260   0x0000000c   Code   RO         3654    .text               c_w.l(sys_exit.o)
    0x0800026c   0x0800026c   0x00000002   Code   RO         3677    .text               c_w.l(use_no_semi.o)
    0x0800026e   0x0800026e   0x00000000   Code   RO         3679    .text               c_w.l(indicate_semi.o)
    0x0800026e   0x0800026e   0x00000002   PAD
    0x08000270   0x08000270   0x00000008   Code   RO         3264    .text.DMA1_Channel1_Event  dma_stm32f10x.o
    0x08000278   0x08000278   0x00000026   Code   RO         3278    .text.DMA1_Channel1_IRQHandler  dma_stm32f10x.o
    0x0800029e   0x0800029e   0x00000002   PAD
    0x080002a0   0x080002a0   0x00000008   Code   RO         3266    .text.DMA1_Channel2_Event  dma_stm32f10x.o
    0x080002a8   0x080002a8   0x00000028   Code   RO         3280    .text.DMA1_Channel2_IRQHandler  dma_stm32f10x.o
    0x080002d0   0x080002d0   0x00000008   Code   RO         3268    .text.DMA1_Channel3_Event  dma_stm32f10x.o
    0x080002d8   0x080002d8   0x00000028   Code   RO         3282    .text.DMA1_Channel3_IRQHandler  dma_stm32f10x.o
    0x08000300   0x08000300   0x00000008   Code   RO         3270    .text.DMA1_Channel4_Event  dma_stm32f10x.o
    0x08000308   0x08000308   0x00000028   Code   RO         3284    .text.DMA1_Channel4_IRQHandler  dma_stm32f10x.o
    0x08000330   0x08000330   0x00000008   Code   RO         3272    .text.DMA1_Channel5_Event  dma_stm32f10x.o
    0x08000338   0x08000338   0x00000028   Code   RO         3286    .text.DMA1_Channel5_IRQHandler  dma_stm32f10x.o
    0x08000360   0x08000360   0x00000008   Code   RO         3274    .text.DMA1_Channel6_Event  dma_stm32f10x.o
    0x08000368   0x08000368   0x00000028   Code   RO         3288    .text.DMA1_Channel6_IRQHandler  dma_stm32f10x.o
    0x08000390   0x08000390   0x00000008   Code   RO         3276    .text.DMA1_Channel7_Event  dma_stm32f10x.o
    0x08000398   0x08000398   0x00000028   Code   RO         3290    .text.DMA1_Channel7_IRQHandler  dma_stm32f10x.o
    0x080003c0   0x080003c0   0x00000024   Code   RO           10    .text.DelayInit     main.o
    0x080003e4   0x080003e4   0x00000020   Code   RO           30    .text.DelayMs       main.o
    0x08000404   0x08000404   0x00000026   Code   RO           28    .text.DelayUs       main.o
    0x0800042a   0x0800042a   0x00000002   PAD
    0x0800042c   0x0800042c   0x00000052   Code   RO           22    .text.Delay_ms_1    main.o
    0x0800047e   0x0800047e   0x00000002   PAD
    0x08000480   0x08000480   0x00000186   Code   RO         2762    .text.GPIO_Init     stm32f10x_gpio.o
    0x08000606   0x08000606   0x00000002   PAD
    0x08000608   0x08000608   0x00000066   Code   RO           32    .text.GPIO_LCD_Config  main.o
    0x0800066e   0x0800066e   0x00000002   PAD
    0x08000670   0x08000670   0x00000034   Code   RO         2766    .text.GPIO_ReadInputDataBit  stm32f10x_gpio.o
    0x080006a4   0x080006a4   0x00000014   Code   RO         2776    .text.GPIO_ResetBits  stm32f10x_gpio.o
    0x080006b8   0x080006b8   0x00000014   Code   RO         2774    .text.GPIO_SetBits  stm32f10x_gpio.o
    0x080006cc   0x080006cc   0x0000002c   Code   RO         2778    .text.GPIO_WriteBit  stm32f10x_gpio.o
    0x080006f8   0x080006f8   0x0000003a   Code   RO            4    .text.Input         main.o
    0x08000732   0x08000732   0x00000002   PAD
    0x08000734   0x08000734   0x00000032   Code   RO           34    .text.LCD_Enable    main.o
    0x08000766   0x08000766   0x00000002   PAD
    0x08000768   0x08000768   0x00000044   Code   RO           18    .text.LCD_Gotoxy    main.o
    0x080007ac   0x080007ac   0x0000005a   Code   RO           40    .text.LCD_Init      main.o
    0x08000806   0x08000806   0x00000002   PAD
    0x08000808   0x08000808   0x00000030   Code   RO           42    .text.LCD_PutChar   main.o
    0x08000838   0x08000838   0x00000024   Code   RO           20    .text.LCD_Puts      main.o
    0x0800085c   0x0800085c   0x00000054   Code   RO           36    .text.LCD_Send4Bit  main.o
    0x080008b0   0x080008b0   0x00000026   Code   RO           14    .text.LCD_SendCommand  main.o
    0x080008d6   0x080008d6   0x00000002   PAD
    0x080008d8   0x080008d8   0x0000003e   Code   RO            6    .text.Led_Init      main.o
    0x08000916   0x08000916   0x00000002   PAD
    0x08000918   0x08000918   0x00000038   Code   RO         2918    .text.RCC_APB2PeriphClockCmd  stm32f10x_rcc.o
    0x08000950   0x08000950   0x00000172   Code   RO         2914    .text.RCC_GetClocksFreq  stm32f10x_rcc.o
    0x08000ac2   0x08000ac2   0x00000002   PAD
    0x08000ac4   0x08000ac4   0x0000003a   Code   RO            8    .text.Relay_Init    main.o
    0x08000afe   0x08000afe   0x00000002   PAD
    0x08000b00   0x08000b00   0x00000008   Code   RO         3326    .text.SetSysClock   system_stm32f10x.o
    0x08000b08   0x08000b08   0x00000122   Code   RO         3330    .text.SetSysClockTo72  system_stm32f10x.o
    0x08000c2a   0x08000c2a   0x00000002   PAD
    0x08000c2c   0x08000c2c   0x00000052   Code   RO           26    .text.SysTick_Config  main.o
    0x08000c7e   0x08000c7e   0x00000002   PAD
    0x08000c80   0x08000c80   0x00000020   Code   RO           24    .text.SysTick_Handler  main.o
    0x08000ca0   0x08000ca0   0x00000122   Code   RO         3328    .text.SystemCoreClockUpdate  system_stm32f10x.o
    0x08000dc2   0x08000dc2   0x00000002   PAD
    0x08000dc4   0x08000dc4   0x00000066   Code   RO         3324    .text.SystemInit    system_stm32f10x.o
    0x08000e2a   0x08000e2a   0x00000002   PAD
    0x08000e2c   0x08000e2c   0x0000002c   Code   RO         3199    .text.USART_Cmd     stm32f10x_usart.o
    0x08000e58   0x08000e58   0x00000044   Code   RO         3239    .text.USART_GetFlagStatus  stm32f10x_usart.o
    0x08000e9c   0x08000e9c   0x0000015c   Code   RO         3191    .text.USART_Init    stm32f10x_usart.o
    0x08000ff8   0x08000ff8   0x00000018   Code   RO         3215    .text.USART_SendData  stm32f10x_usart.o
    0x08001010   0x08001010   0x00000042   Code   RO           46    .text.__NVIC_SetPriority  main.o
    0x08001052   0x08001052   0x00000002   PAD
    0x08001054   0x08001054   0x00000362   Code   RO            2    .text.main          main.o
    0x080013b6   0x080013b6   0x00000002   PAD
    0x080013b8   0x080013b8   0x00000098   Code   RO           12    .text.uart_Init     main.o
    0x08001450   0x08001450   0x00000032   Code   RO           44    .text.uart_SendChar  main.o
    0x08001482   0x08001482   0x00000002   PAD
    0x08001484   0x08001484   0x00000022   Code   RO           16    .text.uart_SendStr  main.o
    0x080014a6   0x080014a6   0x00000004   Data   RO         2939    .rodata.ADCPrescTable  stm32f10x_rcc.o
    0x080014aa   0x080014aa   0x00000010   Data   RO         3333    .rodata.AHBPrescTable  system_stm32f10x.o
    0x080014ba   0x080014ba   0x00000010   Data   RO         2938    .rodata.APBAHBPrescTable  stm32f10x_rcc.o
    0x080014ca   0x080014ca   0x00000048   Data   RO           48    .rodata.str1.1      main.o
    0x08001512   0x08001512   0x00000002   PAD
    0x08001514   0x08001514   0x00000020   Data   RO         3732    Region$$Table       anon$$obj.o


    Execution Region ER_RW (Exec base: 0x20000000, Load base: 0x08001534, Size: 0x00000004, Max: 0xffffffff, ABSOLUTE)

    Exec Addr    Load Addr    Size         Type   Attr      Idx    E Section Name        Object

    0x20000000   0x08001534   0x00000004   Data   RW         3332    .data.SystemCoreClock  system_stm32f10x.o


    Execution Region ER_ZI (Exec base: 0x20000008, Load base: 0x08001538, Size: 0x00000668, Max: 0xffffffff, ABSOLUTE)

    Exec Addr    Load Addr    Size         Type   Attr      Idx    E Section Name        Object

    0x20000008        -       0x00000060   Zero   RW         3579    .bss                c_w.l(libspace.o)
    0x20000068        -       0x00000004   Zero   RW           49    .bss.usTicks        main.o
    0x2000006c   0x08001538   0x00000004   PAD
    0x20000070        -       0x00000200   Zero   RW         3315    HEAP                startup_stm32f10x_md.o
    0x20000270        -       0x00000400   Zero   RW         3314    STACK               startup_stm32f10x_md.o


==============================================================================

Image component sizes


      Code (inc. data)   RO Data    RW Data    ZI Data      Debug   Object Name

       334          0          0          0          0       5803   dma_stm32f10x.o
      2164          0         72          0          4       8254   main.o
        64         26        236          0       1536        832   startup_stm32f10x_md.o
       526          0          0          0          0       5701   stm32f10x_gpio.o
       426          0         20          0          0       7029   stm32f10x_rcc.o
       484          0          0          0          0       7502   stm32f10x_usart.o
       690          0         16          4          0       2862   system_stm32f10x.o

    ----------------------------------------------------------------------
      4726         26        378          4       1544      37983   Object Totals
         0          0         32          0          0          0   (incl. Generated)
        38          0          2          0          4          0   (incl. Padding)

    ----------------------------------------------------------------------

      Code (inc. data)   RO Data    RW Data    ZI Data      Debug   Library Member Name

         8          0          0          0          0         68   __main.o
         0          0          0          0          0          0   __rtentry.o
        12          0          0          0          0          0   __rtentry2.o
         6          0          0          0          0          0   __rtentry4.o
        94          8          0          0          0          0   __scatter.o
        26          0          0          0          0          0   __scatter_copy.o
        28          0          0          0          0          0   __scatter_zi.o
        18          0          0          0          0         80   exit.o
         6          0          0          0          0        152   heapauxi.o
         0          0          0          0          0          0   indicate_semi.o
         2          0          0          0          0          0   libinit.o
         2          0          0          0          0          0   libinit2.o
         2          0          0          0          0          0   libshutdown.o
         2          0          0          0          0          0   libshutdown2.o
         8          4          0          0         96         68   libspace.o
         2          0          0          0          0          0   rtexit.o
        10          0          0          0          0          0   rtexit2.o
        12          4          0          0          0         68   sys_exit.o
        74          0          0          0          0         80   sys_stackheap_outer.o
         2          0          0          0          0         68   use_no_semi.o

    ----------------------------------------------------------------------
       324         16          0          0         96        584   Library Totals
        10          0          0          0          0          0   (incl. Padding)

    ----------------------------------------------------------------------

      Code (inc. data)   RO Data    RW Data    ZI Data      Debug   Library Name

       314         16          0          0         96        584   c_w.l

    ----------------------------------------------------------------------
       324         16          0          0         96        584   Library Totals

    ----------------------------------------------------------------------

==============================================================================


      Code (inc. data)   RO Data    RW Data    ZI Data      Debug   

      5050         42        378          4       1640      38427   Grand Totals
      5050         42        378          4       1640      38427   ELF Image Totals
      5050         42        378          4          0          0   ROM Totals

==============================================================================

    Total RO  Size (Code + RO Data)                 5428 (   5.30kB)
    Total RW  Size (RW Data + ZI Data)              1644 (   1.61kB)
    Total ROM Size (Code + RO Data + RW Data)       5432 (   5.30kB)

==============================================================================

